<?xml version="1.0" encoding="ISO-8859-1" ?>
<link_info>
   <banner>TI ARM Linker PC v18.1.4.LTS</banner>
   <copyright>Copyright (c) 1996-2018 Texas Instruments Incorporated</copyright>
   <link_time>0x5c915f5b</link_time>
   <link_errors>0x0</link_errors>
   <output_file>freertos_demo.out</output_file>
   <entry_point>
      <name>_c_int00_noargs</name>
      <address>0x1cbd</address>
   </entry_point>
   <input_file_list>
      <input_file id="fl-2">
         <path>.\</path>
         <kind>object</kind>
         <file>freertos_demo.obj</file>
         <name>freertos_demo.obj</name>
      </input_file>
      <input_file id="fl-3">
         <path>.\</path>
         <kind>object</kind>
         <file>led_task.obj</file>
         <name>led_task.obj</name>
      </input_file>
      <input_file id="fl-4">
         <path>.\</path>
         <kind>object</kind>
         <file>startup_ccs.obj</file>
         <name>startup_ccs.obj</name>
      </input_file>
      <input_file id="fl-5">
         <path>.\</path>
         <kind>object</kind>
         <file>switch_task.obj</file>
         <name>switch_task.obj</name>
      </input_file>
      <input_file id="fl-6">
         <path>.\drivers\</path>
         <kind>object</kind>
         <file>buttons.obj</file>
         <name>buttons.obj</name>
      </input_file>
      <input_file id="fl-7">
         <path>.\drivers\</path>
         <kind>object</kind>
         <file>rgb.obj</file>
         <name>rgb.obj</name>
      </input_file>
      <input_file id="fl-8">
         <path>.\third_party\FreeRTOS\Source\</path>
         <kind>object</kind>
         <file>list.obj</file>
         <name>list.obj</name>
      </input_file>
      <input_file id="fl-9">
         <path>.\third_party\FreeRTOS\Source\</path>
         <kind>object</kind>
         <file>queue.obj</file>
         <name>queue.obj</name>
      </input_file>
      <input_file id="fl-a">
         <path>.\third_party\FreeRTOS\Source\</path>
         <kind>object</kind>
         <file>tasks.obj</file>
         <name>tasks.obj</name>
      </input_file>
      <input_file id="fl-b">
         <path>.\third_party\FreeRTOS\Source\portable\CCS\ARM_CM4F\</path>
         <kind>object</kind>
         <file>port.obj</file>
         <name>port.obj</name>
      </input_file>
      <input_file id="fl-c">
         <path>.\third_party\FreeRTOS\Source\portable\CCS\ARM_CM4F\</path>
         <kind>object</kind>
         <file>portasm.obj</file>
         <name>portasm.obj</name>
      </input_file>
      <input_file id="fl-d">
         <path>.\third_party\FreeRTOS\Source\portable\MemMang\</path>
         <kind>object</kind>
         <file>heap_2.obj</file>
         <name>heap_2.obj</name>
      </input_file>
      <input_file id="fl-e">
         <path>.\utils\</path>
         <kind>object</kind>
         <file>uartstdio.obj</file>
         <name>uartstdio.obj</name>
      </input_file>
      <input_file id="fl-f">
         <path>.\utils\</path>
         <kind>object</kind>
         <file>ustdlib.obj</file>
         <name>ustdlib.obj</name>
      </input_file>
      <input_file id="fl-14">
         <kind>object</kind>
         <file>&lt;internal&gt;</file>
         <name>&lt;internal&gt;</name>
      </input_file>
      <input_file id="fl-ca">
         <path>C:\ti\ccsv8\tools\compiler\ti-cgt-arm_18.1.4.LTS\lib\</path>
         <kind>archive</kind>
         <file>rtsv7M4_T_le_v4SPD16_eabi.lib</file>
         <name>u_divt2.asm.obj</name>
      </input_file>
      <input_file id="fl-cb">
         <path>C:\ti\ccsv8\tools\compiler\ti-cgt-arm_18.1.4.LTS\lib\</path>
         <kind>archive</kind>
         <file>rtsv7M4_T_le_v4SPD16_eabi.lib</file>
         <name>fs_toull_t2.asm.obj</name>
      </input_file>
      <input_file id="fl-cc">
         <path>C:\ti\ccsv8\tools\compiler\ti-cgt-arm_18.1.4.LTS\lib\</path>
         <kind>archive</kind>
         <file>rtsv7M4_T_le_v4SPD16_eabi.lib</file>
         <name>memcpy_t2.asm.obj</name>
      </input_file>
      <input_file id="fl-cd">
         <path>C:\ti\ccsv8\tools\compiler\ti-cgt-arm_18.1.4.LTS\lib\</path>
         <kind>archive</kind>
         <file>rtsv7M4_T_le_v4SPD16_eabi.lib</file>
         <name>memset_t2.asm.obj</name>
      </input_file>
      <input_file id="fl-ce">
         <path>C:\ti\ccsv8\tools\compiler\ti-cgt-arm_18.1.4.LTS\lib\</path>
         <kind>archive</kind>
         <file>rtsv7M4_T_le_v4SPD16_eabi.lib</file>
         <name>copy_zero_init.c.obj</name>
      </input_file>
      <input_file id="fl-cf">
         <path>C:\ti\ccsv8\tools\compiler\ti-cgt-arm_18.1.4.LTS\lib\</path>
         <kind>archive</kind>
         <file>rtsv7M4_T_le_v4SPD16_eabi.lib</file>
         <name>copy_decompress_none.c.obj</name>
      </input_file>
      <input_file id="fl-d0">
         <path>C:\ti\ccsv8\tools\compiler\ti-cgt-arm_18.1.4.LTS\lib\</path>
         <kind>archive</kind>
         <file>rtsv7M4_T_le_v4SPD16_eabi.lib</file>
         <name>copy_decompress_lzss.c.obj</name>
      </input_file>
      <input_file id="fl-d1">
         <path>C:\ti\ccsv8\tools\compiler\ti-cgt-arm_18.1.4.LTS\lib\</path>
         <kind>archive</kind>
         <file>rtsv7M4_T_le_v4SPD16_eabi.lib</file>
         <name>boot_cortex_m.c.obj</name>
      </input_file>
      <input_file id="fl-d2">
         <path>C:\ti\ccsv8\tools\compiler\ti-cgt-arm_18.1.4.LTS\lib\</path>
         <kind>archive</kind>
         <file>rtsv7M4_T_le_v4SPD16_eabi.lib</file>
         <name>exit.c.obj</name>
      </input_file>
      <input_file id="fl-d3">
         <path>C:\ti\ccsv8\tools\compiler\ti-cgt-arm_18.1.4.LTS\lib\</path>
         <kind>archive</kind>
         <file>rtsv7M4_T_le_v4SPD16_eabi.lib</file>
         <name>_lock.c.obj</name>
      </input_file>
      <input_file id="fl-d4">
         <path>C:\ti\ccsv8\tools\compiler\ti-cgt-arm_18.1.4.LTS\lib\</path>
         <kind>archive</kind>
         <file>rtsv7M4_T_le_v4SPD16_eabi.lib</file>
         <name>args_main.c.obj</name>
      </input_file>
      <input_file id="fl-d5">
         <path>C:\ti\ccsv8\tools\compiler\ti-cgt-arm_18.1.4.LTS\lib\</path>
         <kind>archive</kind>
         <file>rtsv7M4_T_le_v4SPD16_eabi.lib</file>
         <name>div0.asm.obj</name>
      </input_file>
      <input_file id="fl-d6">
         <path>C:\ti\ccsv8\tools\compiler\ti-cgt-arm_18.1.4.LTS\lib\</path>
         <kind>archive</kind>
         <file>rtsv7M4_T_le_v4SPD16_eabi.lib</file>
         <name>autoinit.c.obj</name>
      </input_file>
      <input_file id="fl-d7">
         <path>C:\ti\ccsv8\tools\compiler\ti-cgt-arm_18.1.4.LTS\lib\</path>
         <kind>archive</kind>
         <file>rtsv7M4_T_le_v4SPD16_eabi.lib</file>
         <name>pre_init.c.obj</name>
      </input_file>
      <input_file id="fl-d8">
         <path>C:\ti\ccsv8\tools\compiler\ti-cgt-arm_18.1.4.LTS\lib\</path>
         <kind>archive</kind>
         <file>rtsv7M4_T_le_v4SPD16_eabi.lib</file>
         <name>cpy_tbl.c.obj</name>
      </input_file>
      <input_file id="fl-d9">
         <path>C:\ti\TivaWare_C_Series-2.1.4.178\driverlib\ccs\Debug\</path>
         <kind>archive</kind>
         <file>driverlib.lib</file>
         <name>sysctl.obj</name>
      </input_file>
      <input_file id="fl-da">
         <path>C:\ti\TivaWare_C_Series-2.1.4.178\driverlib\ccs\Debug\</path>
         <kind>archive</kind>
         <file>driverlib.lib</file>
         <name>uart.obj</name>
      </input_file>
      <input_file id="fl-db">
         <path>C:\ti\TivaWare_C_Series-2.1.4.178\driverlib\ccs\Debug\</path>
         <kind>archive</kind>
         <file>driverlib.lib</file>
         <name>cpu.obj</name>
      </input_file>
      <input_file id="fl-dc">
         <path>C:\ti\TivaWare_C_Series-2.1.4.178\driverlib\ccs\Debug\</path>
         <kind>archive</kind>
         <file>driverlib.lib</file>
         <name>interrupt.obj</name>
      </input_file>
   </input_file_list>
   <object_component_list>
      <object_component id="oc-f">
         <name>.intvecs</name>
         <load_address>0x0</load_address>
         <run_address>0x0</run_address>
         <size>0x26c</size>
         <input_file_ref idref="fl-4"/>
      </object_component>
      <object_component id="oc-1c8">
         <name>.text:UARTvprintf</name>
         <load_address>0x26c</load_address>
         <run_address>0x26c</run_address>
         <size>0x1ea</size>
         <input_file_ref idref="fl-e"/>
      </object_component>
      <object_component id="oc-30">
         <name>.text:FaultISR</name>
         <load_address>0x456</load_address>
         <run_address>0x456</run_address>
         <size>0x2</size>
         <input_file_ref idref="fl-4"/>
      </object_component>
      <object_component id="oc-211">
         <name>.text:LEDTask</name>
         <load_address>0x458</load_address>
         <run_address>0x458</run_address>
         <size>0x11c</size>
         <input_file_ref idref="fl-3"/>
      </object_component>
      <object_component id="oc-30e">
         <name>.text:xQueueGenericReceive</name>
         <load_address>0x574</load_address>
         <run_address>0x574</run_address>
         <size>0x118</size>
         <input_file_ref idref="fl-9"/>
      </object_component>
      <object_component id="oc-1ea">
         <name>.text:RGBInit</name>
         <load_address>0x68c</load_address>
         <run_address>0x68c</run_address>
         <size>0x104</size>
         <input_file_ref idref="fl-7"/>
      </object_component>
      <object_component id="oc-98">
         <name>.text:xTaskIncrementTick</name>
         <load_address>0x790</load_address>
         <run_address>0x790</run_address>
         <size>0x104</size>
         <input_file_ref idref="fl-a"/>
      </object_component>
      <object_component id="oc-202">
         <name>.text:xTaskGenericCreate</name>
         <load_address>0x894</load_address>
         <run_address>0x894</run_address>
         <size>0x100</size>
         <input_file_ref idref="fl-a"/>
      </object_component>
      <object_component id="oc-21e">
         <name>.text:SwitchTask</name>
         <load_address>0x994</load_address>
         <run_address>0x994</run_address>
         <size>0xfc</size>
         <input_file_ref idref="fl-5"/>
      </object_component>
      <object_component id="oc-1e1">
         <name>.text:xQueueGenericSend</name>
         <load_address>0xa90</load_address>
         <run_address>0xa90</run_address>
         <size>0xe8</size>
         <input_file_ref idref="fl-9"/>
      </object_component>
      <object_component id="oc-282">
         <name>.text:xTaskResumeAll</name>
         <load_address>0xb78</load_address>
         <run_address>0xb78</run_address>
         <size>0xe4</size>
         <input_file_ref idref="fl-a"/>
      </object_component>
      <object_component id="oc-3c">
         <name>.text</name>
         <load_address>0xc5c</load_address>
         <run_address>0xc5c</run_address>
         <size>0xd2</size>
         <input_file_ref idref="fl-c"/>
      </object_component>
      <object_component id="oc-36">
         <name>.text:IntDefaultHandler</name>
         <load_address>0xd2e</load_address>
         <run_address>0xd2e</run_address>
         <size>0x2</size>
         <input_file_ref idref="fl-4"/>
      </object_component>
      <object_component id="oc-132">
         <name>.text:LEDTaskInit</name>
         <load_address>0xd30</load_address>
         <run_address>0xd30</run_address>
         <size>0xc8</size>
         <input_file_ref idref="fl-3"/>
      </object_component>
      <object_component id="oc-2d2">
         <name>.text:RGBEnable</name>
         <load_address>0xdf8</load_address>
         <run_address>0xdf8</run_address>
         <size>0xc0</size>
         <input_file_ref idref="fl-7"/>
      </object_component>
      <object_component id="oc-1d5">
         <name>.text:pvPortMalloc</name>
         <load_address>0xeb8</load_address>
         <run_address>0xeb8</run_address>
         <size>0xac</size>
         <input_file_ref idref="fl-d"/>
      </object_component>
      <object_component id="oc-55">
         <name>.text</name>
         <load_address>0xf64</load_address>
         <run_address>0xf64</run_address>
         <size>0x9c</size>
         <input_file_ref idref="fl-cc"/>
      </object_component>
      <object_component id="oc-1f6">
         <name>.text:RGBColorSet</name>
         <load_address>0x1000</load_address>
         <run_address>0x1000</run_address>
         <size>0x90</size>
         <input_file_ref idref="fl-7"/>
      </object_component>
      <object_component id="oc-3dd">
         <name>.text:vTaskPriorityInherit</name>
         <load_address>0x1090</load_address>
         <run_address>0x1090</run_address>
         <size>0x90</size>
         <input_file_ref idref="fl-a"/>
      </object_component>
      <object_component id="oc-91">
         <name>.text:vTaskSwitchContext</name>
         <load_address>0x1120</load_address>
         <run_address>0x1120</run_address>
         <size>0x8c</size>
         <input_file_ref idref="fl-a"/>
      </object_component>
      <object_component id="oc-328">
         <name>.text:ButtonsPoll</name>
         <load_address>0x11ac</load_address>
         <run_address>0x11ac</run_address>
         <size>0x88</size>
         <input_file_ref idref="fl-6"/>
      </object_component>
      <object_component id="oc-314">
         <name>.text:vTaskDelayUntil</name>
         <load_address>0x1234</load_address>
         <run_address>0x1234</run_address>
         <size>0x84</size>
         <input_file_ref idref="fl-a"/>
      </object_component>
      <object_component id="oc-2e2">
         <name>.text:xQueueGenericReset</name>
         <load_address>0x12b8</load_address>
         <run_address>0x12b8</run_address>
         <size>0x84</size>
         <input_file_ref idref="fl-9"/>
      </object_component>
      <object_component id="oc-c0">
         <name>.text</name>
         <load_address>0x133c</load_address>
         <run_address>0x133c</run_address>
         <size>0x7a</size>
         <input_file_ref idref="fl-cd"/>
      </object_component>
      <object_component id="oc-2a">
         <name>.text:NmiSR</name>
         <load_address>0x13b6</load_address>
         <run_address>0x13b6</run_address>
         <size>0x2</size>
         <input_file_ref idref="fl-4"/>
      </object_component>
      <object_component id="oc-3a7">
         <name>.text:xTaskPriorityDisinherit</name>
         <load_address>0x13b8</load_address>
         <run_address>0x13b8</run_address>
         <size>0x78</size>
         <input_file_ref idref="fl-a"/>
      </object_component>
      <object_component id="oc-cc">
         <name>.text:main</name>
         <load_address>0x1430</load_address>
         <run_address>0x1430</run_address>
         <size>0x74</size>
         <input_file_ref idref="fl-2"/>
      </object_component>
      <object_component id="oc-2c4">
         <name>.text:xTaskRemoveFromEventList</name>
         <load_address>0x14a4</load_address>
         <run_address>0x14a4</run_address>
         <size>0x74</size>
         <input_file_ref idref="fl-a"/>
      </object_component>
      <object_component id="oc-2be">
         <name>.text:prvCopyDataToQueue</name>
         <load_address>0x1518</load_address>
         <run_address>0x1518</run_address>
         <size>0x72</size>
         <input_file_ref idref="fl-9"/>
      </object_component>
      <object_component id="oc-36f">
         <name>.text</name>
         <load_address>0x158a</load_address>
         <run_address>0x158a</run_address>
         <size>0x2</size>
         <input_file_ref idref="fl-d5"/>
      </object_component>
      <object_component id="oc-218">
         <name>.text:ButtonsInit</name>
         <load_address>0x158c</load_address>
         <run_address>0x158c</run_address>
         <size>0x68</size>
         <input_file_ref idref="fl-6"/>
      </object_component>
      <object_component id="oc-31a">
         <name>.text:RGBDisable</name>
         <load_address>0x15f4</load_address>
         <run_address>0x15f4</run_address>
         <size>0x68</size>
         <input_file_ref idref="fl-7"/>
      </object_component>
      <object_component id="oc-12">
         <name>.text:decompress:lzss:__TI_decompress_lzss</name>
         <load_address>0x165c</load_address>
         <run_address>0x165c</run_address>
         <size>0x68</size>
         <input_file_ref idref="fl-d0"/>
      </object_component>
      <object_component id="oc-120">
         <name>.text:ConfigureUART</name>
         <load_address>0x16c4</load_address>
         <run_address>0x16c4</run_address>
         <size>0x64</size>
         <input_file_ref idref="fl-2"/>
      </object_component>
      <object_component id="oc-2b8">
         <name>.text:vTaskPlaceOnEventList</name>
         <load_address>0x1728</load_address>
         <run_address>0x1728</run_address>
         <size>0x64</size>
         <input_file_ref idref="fl-a"/>
      </object_component>
      <object_component id="oc-2ac">
         <name>.text:prvUnlockQueue</name>
         <load_address>0x178c</load_address>
         <run_address>0x178c</run_address>
         <size>0x62</size>
         <input_file_ref idref="fl-9"/>
      </object_component>
      <object_component id="oc-e9">
         <name>.text:vApplicationStackOverflowHook</name>
         <load_address>0x17ee</load_address>
         <run_address>0x17ee</run_address>
         <size>0x2</size>
         <input_file_ref idref="fl-2"/>
      </object_component>
      <object_component id="oc-1c1">
         <name>.text:UARTStdioConfig</name>
         <load_address>0x17f0</load_address>
         <run_address>0x17f0</run_address>
         <size>0x60</size>
         <input_file_ref idref="fl-e"/>
      </object_component>
      <object_component id="oc-2fb">
         <name>.text:prvInitialiseTaskLists</name>
         <load_address>0x1850</load_address>
         <run_address>0x1850</run_address>
         <size>0x60</size>
         <input_file_ref idref="fl-a"/>
      </object_component>
      <object_component id="oc-13e">
         <name>.text:vTaskStartScheduler</name>
         <load_address>0x18b0</load_address>
         <run_address>0x18b0</run_address>
         <size>0x60</size>
         <input_file_ref idref="fl-a"/>
      </object_component>
      <object_component id="oc-337">
         <name>.text:prvCheckTasksWaitingTermination</name>
         <load_address>0x1910</load_address>
         <run_address>0x1910</run_address>
         <size>0x58</size>
         <input_file_ref idref="fl-a"/>
      </object_component>
      <object_component id="oc-2ef">
         <name>.text:prvInitialiseTCBVariables</name>
         <load_address>0x1968</load_address>
         <run_address>0x1968</run_address>
         <size>0x56</size>
         <input_file_ref idref="fl-a"/>
      </object_component>
      <object_component id="oc-2a6">
         <name>.text:xTaskCheckForTimeOut</name>
         <load_address>0x19c0</load_address>
         <run_address>0x19c0</run_address>
         <size>0x54</size>
         <input_file_ref idref="fl-a"/>
      </object_component>
      <object_component id="oc-39d">
         <name>.text:prvAddCurrentTaskToDelayedList</name>
         <load_address>0x1a14</load_address>
         <run_address>0x1a14</run_address>
         <size>0x4c</size>
         <input_file_ref idref="fl-a"/>
      </object_component>
      <object_component id="oc-12c">
         <name>.text:xQueueCreateMutex</name>
         <load_address>0x1a60</load_address>
         <run_address>0x1a60</run_address>
         <size>0x4c</size>
         <input_file_ref idref="fl-9"/>
      </object_component>
      <object_component id="oc-138">
         <name>.text:SwitchTaskInit</name>
         <load_address>0x1aac</load_address>
         <run_address>0x1aac</run_address>
         <size>0x48</size>
         <input_file_ref idref="fl-5"/>
      </object_component>
      <object_component id="oc-268">
         <name>.text:UARTwrite</name>
         <load_address>0x1af4</load_address>
         <run_address>0x1af4</run_address>
         <size>0x48</size>
         <input_file_ref idref="fl-e"/>
      </object_component>
      <object_component id="oc-152">
         <name>.text:__TI_auto_init_nobinit_nopinit:__TI_auto_init_nobinit_nopinit</name>
         <load_address>0x1b3c</load_address>
         <run_address>0x1b3c</run_address>
         <size>0x44</size>
         <input_file_ref idref="fl-d6"/>
      </object_component>
      <object_component id="oc-3b7">
         <name>.text:vPortFree</name>
         <load_address>0x1b80</load_address>
         <run_address>0x1b80</run_address>
         <size>0x44</size>
         <input_file_ref idref="fl-d"/>
      </object_component>
      <object_component id="oc-26e">
         <name>.text</name>
         <load_address>0x1bc4</load_address>
         <run_address>0x1bc4</run_address>
         <size>0x40</size>
         <input_file_ref idref="fl-ca"/>
      </object_component>
      <object_component id="oc-225">
         <name>.text:xPortStartScheduler</name>
         <load_address>0x1c04</load_address>
         <run_address>0x1c04</run_address>
         <size>0x40</size>
         <input_file_ref idref="fl-b"/>
      </object_component>
      <object_component id="oc-1fc">
         <name>.text:xQueueGenericCreate</name>
         <load_address>0x1c44</load_address>
         <run_address>0x1c44</run_address>
         <size>0x3c</size>
         <input_file_ref idref="fl-9"/>
      </object_component>
      <object_component id="oc-2e9">
         <name>.text:prvAllocateTCBAndStack</name>
         <load_address>0x1c80</load_address>
         <run_address>0x1c80</run_address>
         <size>0x3a</size>
         <input_file_ref idref="fl-a"/>
      </object_component>
      <object_component id="oc-73">
         <name>.text:_c_int00_noargs:_c_int00_noargs</name>
         <load_address>0x1cbc</load_address>
         <run_address>0x1cbc</run_address>
         <size>0x38</size>
         <input_file_ref idref="fl-d1"/>
      </object_component>
      <object_component id="oc-397">
         <name>.text:vListInsert</name>
         <load_address>0x1cf4</load_address>
         <run_address>0x1cf4</run_address>
         <size>0x38</size>
         <input_file_ref idref="fl-8"/>
      </object_component>
      <object_component id="oc-27c">
         <name>.text:prvHeapInit</name>
         <load_address>0x1d2c</load_address>
         <run_address>0x1d2c</run_address>
         <size>0x30</size>
         <input_file_ref idref="fl-d"/>
      </object_component>
      <object_component id="oc-41">
         <name>.text:xPortSysTickHandler</name>
         <load_address>0x1d5c</load_address>
         <run_address>0x1d5c</run_address>
         <size>0x2c</size>
         <input_file_ref idref="fl-b"/>
      </object_component>
      <object_component id="oc-f3">
         <name>.text:prvResetNextTaskUnblockTime</name>
         <load_address>0x1d88</load_address>
         <run_address>0x1d88</run_address>
         <size>0x28</size>
         <input_file_ref idref="fl-a"/>
      </object_component>
      <object_component id="oc-2f5">
         <name>.text:pxPortInitialiseStack</name>
         <load_address>0x1db0</load_address>
         <run_address>0x1db0</run_address>
         <size>0x28</size>
         <input_file_ref idref="fl-b"/>
      </object_component>
      <object_component id="oc-3e3">
         <name>.text:prvCopyDataFromQueue</name>
         <load_address>0x1dd8</load_address>
         <run_address>0x1dd8</run_address>
         <size>0x26</size>
         <input_file_ref idref="fl-9"/>
      </object_component>
      <object_component id="oc-f9">
         <name>.text:uxListRemove</name>
         <load_address>0x1dfe</load_address>
         <run_address>0x1dfe</run_address>
         <size>0x20</size>
         <input_file_ref idref="fl-8"/>
      </object_component>
      <object_component id="oc-2b2">
         <name>.text:prvIsQueueFull</name>
         <load_address>0x1e1e</load_address>
         <run_address>0x1e1e</run_address>
         <size>0x1c</size>
         <input_file_ref idref="fl-9"/>
      </object_component>
      <object_component id="oc-2a0">
         <name>.text:vPortEnterCritical</name>
         <load_address>0x1e3c</load_address>
         <run_address>0x1e3c</run_address>
         <size>0x1c</size>
         <input_file_ref idref="fl-b"/>
      </object_component>
      <object_component id="oc-126">
         <name>.text:UARTprintf</name>
         <load_address>0x1e58</load_address>
         <run_address>0x1e58</run_address>
         <size>0x1a</size>
         <input_file_ref idref="fl-e"/>
      </object_component>
      <object_component id="oc-3d7">
         <name>.text:prvIsQueueEmpty</name>
         <load_address>0x1e72</load_address>
         <run_address>0x1e72</run_address>
         <size>0x1a</size>
         <input_file_ref idref="fl-9"/>
      </object_component>
      <object_component id="oc-3e9">
         <name>.text:pvTaskIncrementMutexHeldCount</name>
         <load_address>0x1e8c</load_address>
         <run_address>0x1e8c</run_address>
         <size>0x18</size>
         <input_file_ref idref="fl-a"/>
      </object_component>
      <object_component id="oc-ff">
         <name>.text:vListInsertEnd</name>
         <load_address>0x1ea4</load_address>
         <run_address>0x1ea4</run_address>
         <size>0x18</size>
         <input_file_ref idref="fl-8"/>
      </object_component>
      <object_component id="oc-29a">
         <name>.text:vPortExitCritical</name>
         <load_address>0x1ebc</load_address>
         <run_address>0x1ebc</run_address>
         <size>0x18</size>
         <input_file_ref idref="fl-b"/>
      </object_component>
      <object_component id="oc-294">
         <name>.text:vTaskSetTimeOutState</name>
         <load_address>0x1ed4</load_address>
         <run_address>0x1ed4</run_address>
         <size>0x18</size>
         <input_file_ref idref="fl-a"/>
      </object_component>
      <object_component id="oc-1db">
         <name>.text:vListInitialise</name>
         <load_address>0x1eec</load_address>
         <run_address>0x1eec</run_address>
         <size>0x16</size>
         <input_file_ref idref="fl-8"/>
      </object_component>
      <object_component id="oc-1f0">
         <name>.text:RGBIntensitySet</name>
         <load_address>0x1f04</load_address>
         <run_address>0x1f04</run_address>
         <size>0x14</size>
         <input_file_ref idref="fl-7"/>
      </object_component>
      <object_component id="oc-32d">
         <name>.text:vPortSetupTimerInterrupt</name>
         <load_address>0x1f18</load_address>
         <run_address>0x1f18</run_address>
         <size>0x14</size>
         <input_file_ref idref="fl-b"/>
      </object_component>
      <object_component id="oc-3fb">
         <name>.text:prvDeleteTCB</name>
         <load_address>0x1f2c</load_address>
         <run_address>0x1f2c</run_address>
         <size>0x12</size>
         <input_file_ref idref="fl-a"/>
      </object_component>
      <object_component id="oc-3c5">
         <name>.text:prvTaskExitError</name>
         <load_address>0x1f3e</load_address>
         <run_address>0x1f3e</run_address>
         <size>0x10</size>
         <input_file_ref idref="fl-b"/>
      </object_component>
      <object_component id="oc-276">
         <name>.text:vTaskSuspendAll</name>
         <load_address>0x1f50</load_address>
         <run_address>0x1f50</run_address>
         <size>0x10</size>
         <input_file_ref idref="fl-a"/>
      </object_component>
      <object_component id="oc-18">
         <name>.text:decompress:none:__TI_decompress_none</name>
         <load_address>0x1f60</load_address>
         <run_address>0x1f60</run_address>
         <size>0xe</size>
         <input_file_ref idref="fl-cf"/>
      </object_component>
      <object_component id="oc-67">
         <name>.text:decompress:ZI:__TI_zero_init</name>
         <load_address>0x1f6e</load_address>
         <run_address>0x1f6e</run_address>
         <size>0xc</size>
         <input_file_ref idref="fl-ce"/>
      </object_component>
      <object_component id="oc-38f">
         <name>.text:vTaskMissedYield</name>
         <load_address>0x1f7c</load_address>
         <run_address>0x1f7c</run_address>
         <size>0xc</size>
         <input_file_ref idref="fl-a"/>
      </object_component>
      <object_component id="oc-308">
         <name>.text:xTaskGetTickCount</name>
         <load_address>0x1f88</load_address>
         <run_address>0x1f88</run_address>
         <size>0xc</size>
         <input_file_ref idref="fl-a"/>
      </object_component>
      <object_component id="oc-22b">
         <name>.text:prvIdleTask</name>
         <load_address>0x1f94</load_address>
         <run_address>0x1f94</run_address>
         <size>0x8</size>
         <input_file_ref idref="fl-a"/>
      </object_component>
      <object_component id="oc-24">
         <name>.text:ResetISR</name>
         <load_address>0x1f9c</load_address>
         <run_address>0x1f9c</run_address>
         <size>0x6</size>
         <input_file_ref idref="fl-4"/>
      </object_component>
      <object_component id="oc-1bb">
         <name>.text:UARTClockSourceSet</name>
         <load_address>0x1fa2</load_address>
         <run_address>0x1fa2</run_address>
         <size>0x6</size>
         <input_file_ref idref="fl-da"/>
      </object_component>
      <object_component id="oc-3be">
         <name>.text:vListInitialiseItem</name>
         <load_address>0x1fa8</load_address>
         <run_address>0x1fa8</run_address>
         <size>0x6</size>
         <input_file_ref idref="fl-8"/>
      </object_component>
      <object_component id="oc-c6">
         <name>.text:_system_pre_init</name>
         <load_address>0x1fae</load_address>
         <run_address>0x1fae</run_address>
         <size>0x4</size>
         <input_file_ref idref="fl-d7"/>
      </object_component>
      <object_component id="oc-146">
         <name>.text:abort:abort</name>
         <load_address>0x1fb2</load_address>
         <run_address>0x1fb2</run_address>
         <size>0x4</size>
         <input_file_ref idref="fl-d2"/>
      </object_component>
      <object_component id="oc-25e">
         <name>.const:g_ui32UARTBase</name>
         <load_address>0x1fb8</load_address>
         <run_address>0x1fb8</run_address>
         <size>0xc</size>
         <input_file_ref idref="fl-e"/>
      </object_component>
      <object_component id="oc-25b">
         <name>.const:g_ui32UARTPeriph</name>
         <load_address>0x1fc4</load_address>
         <run_address>0x1fc4</run_address>
         <size>0xc</size>
         <input_file_ref idref="fl-e"/>
      </object_component>
      <object_component id="oc-8e">
         <name>.const</name>
         <load_address>0x1fd0</load_address>
         <run_address>0x1fd0</run_address>
         <size>0x4</size>
         <input_file_ref idref="fl-b"/>
      </object_component>
      <object_component id="oc-455">
         <name>.cinit..data.load</name>
         <load_address>0x1fd8</load_address>
         <run_address>0x1fd8</run_address>
         <size>0x17</size>
      </object_component>
      <object_component id="oc-453">
         <name>__TI_handler_table</name>
         <load_address>0x1ff0</load_address>
         <run_address>0x1ff0</run_address>
         <size>0xc</size>
      </object_component>
      <object_component id="oc-456">
         <name>.cinit..bss.load</name>
         <load_address>0x2000</load_address>
         <run_address>0x2000</run_address>
         <size>0x8</size>
      </object_component>
      <object_component id="oc-454">
         <name>__TI_cinit_table</name>
         <load_address>0x2008</load_address>
         <run_address>0x2008</run_address>
         <size>0x10</size>
      </object_component>
      <object_component id="oc-20b">
         <name>.data:g_pui32Colors</name>
         <load_address>0x20007938</load_address>
         <run_address>0x20007938</run_address>
         <size>0xc</size>
         <input_file_ref idref="fl-3"/>
      </object_component>
      <object_component id="oc-321">
         <name>.data</name>
         <load_address>0x20007951</load_address>
         <run_address>0x20007951</run_address>
         <size>0x3</size>
         <input_file_ref idref="fl-6"/>
      </object_component>
      <object_component id="oc-2da">
         <name>.data</name>
         <load_address>0x20007958</load_address>
         <run_address>0x20007958</run_address>
         <size>0x4</size>
         <input_file_ref idref="fl-7"/>
      </object_component>
      <object_component id="oc-8b">
         <name>.data</name>
         <load_address>0x20007908</load_address>
         <run_address>0x20007908</run_address>
         <size>0x30</size>
         <input_file_ref idref="fl-a"/>
      </object_component>
      <object_component id="oc-333">
         <name>.data</name>
         <load_address>0x20007954</load_address>
         <run_address>0x20007954</run_address>
         <size>0x4</size>
         <input_file_ref idref="fl-b"/>
      </object_component>
      <object_component id="oc-288">
         <name>.data</name>
         <load_address>0x20007944</load_address>
         <run_address>0x20007944</run_address>
         <size>0x8</size>
         <input_file_ref idref="fl-d"/>
      </object_component>
      <object_component id="oc-261">
         <name>.data</name>
         <load_address>0x2000794c</load_address>
         <run_address>0x2000794c</run_address>
         <size>0x5</size>
         <input_file_ref idref="fl-e"/>
      </object_component>
      <object_component id="oc-208">
         <name>.bss</name>
         <uninitialized>true</uninitialized>
         <run_address>0x20007700</run_address>
         <size>0x1</size>
         <input_file_ref idref="fl-3"/>
      </object_component>
      <object_component id="oc-2dd">
         <name>.bss:g_ui32Colors</name>
         <uninitialized>true</uninitialized>
         <run_address>0x200076d4</run_address>
         <size>0xc</size>
         <input_file_ref idref="fl-7"/>
      </object_component>
      <object_component id="oc-ef">
         <name>.bss:pxReadyTasksLists</name>
         <uninitialized>true</uninitialized>
         <run_address>0x20007530</run_address>
         <size>0x140</size>
         <input_file_ref idref="fl-a"/>
      </object_component>
      <object_component id="oc-3cc">
         <name>.bss:xDelayedTaskList1</name>
         <uninitialized>true</uninitialized>
         <run_address>0x20007670</run_address>
         <size>0x14</size>
         <input_file_ref idref="fl-a"/>
      </object_component>
      <object_component id="oc-3cf">
         <name>.bss:xDelayedTaskList2</name>
         <uninitialized>true</uninitialized>
         <run_address>0x20007684</run_address>
         <size>0x14</size>
         <input_file_ref idref="fl-a"/>
      </object_component>
      <object_component id="oc-105">
         <name>.bss</name>
         <uninitialized>true</uninitialized>
         <run_address>0x200076e0</run_address>
         <size>0x8</size>
         <input_file_ref idref="fl-a"/>
      </object_component>
      <object_component id="oc-37a">
         <name>.bss:xPendingReadyList</name>
         <uninitialized>true</uninitialized>
         <run_address>0x20007698</run_address>
         <size>0x14</size>
         <input_file_ref idref="fl-a"/>
      </object_component>
      <object_component id="oc-3d2">
         <name>.bss:xTasksWaitingTermination</name>
         <uninitialized>true</uninitialized>
         <run_address>0x200076c0</run_address>
         <size>0x14</size>
         <input_file_ref idref="fl-a"/>
      </object_component>
      <object_component id="oc-3a3">
         <name>.bss:xSuspendedTaskList</name>
         <uninitialized>true</uninitialized>
         <run_address>0x200076ac</run_address>
         <size>0x14</size>
         <input_file_ref idref="fl-a"/>
      </object_component>
      <object_component id="oc-376">
         <name>.bss:ucHeap</name>
         <uninitialized>true</uninitialized>
         <run_address>0x20000000</run_address>
         <size>0x7530</size>
         <input_file_ref idref="fl-d"/>
      </object_component>
      <object_component id="oc-28b">
         <name>.bss:xStart</name>
         <uninitialized>true</uninitialized>
         <run_address>0x200076f0</run_address>
         <size>0x8</size>
         <input_file_ref idref="fl-d"/>
      </object_component>
      <object_component id="oc-28e">
         <name>.bss:xEnd</name>
         <uninitialized>true</uninitialized>
         <run_address>0x200076e8</run_address>
         <size>0x8</size>
         <input_file_ref idref="fl-d"/>
      </object_component>
      <object_component id="oc-144">
         <name>.common:g_pUARTSemaphore</name>
         <uninitialized>true</uninitialized>
         <run_address>0x200076fc</run_address>
         <size>0x4</size>
      </object_component>
      <object_component id="oc-20e">
         <name>.common:g_pLEDQueue</name>
         <uninitialized>true</uninitialized>
         <run_address>0x200076f8</run_address>
         <size>0x4</size>
      </object_component>
      <object_component id="oc-21">
         <name>.stack</name>
         <uninitialized>true</uninitialized>
         <run_address>0x20007708</run_address>
         <size>0x4</size>
         <input_file_ref idref="fl-d1"/>
      </object_component>
      <object_component id="oc-457">
         <name>.stack</name>
         <uninitialized>true</uninitialized>
         <run_address>0x20007708</run_address>
         <size>0x0</size>
      </object_component>
      <object_component id="oc-10e">
         <name>.debug_info</name>
         <load_address>0x0</load_address>
         <run_address>0x0</run_address>
         <size>0x44e</size>
         <input_file_ref idref="fl-2"/>
      </object_component>
      <object_component id="oc-ea">
         <name>.debug_info</name>
         <load_address>0x44e</load_address>
         <run_address>0x44e</run_address>
         <size>0x167</size>
         <input_file_ref idref="fl-2"/>
      </object_component>
      <object_component id="oc-121">
         <name>.debug_info</name>
         <load_address>0x5b5</load_address>
         <run_address>0x5b5</run_address>
         <size>0x16d</size>
         <input_file_ref idref="fl-2"/>
      </object_component>
      <object_component id="oc-cd">
         <name>.debug_info</name>
         <load_address>0x722</load_address>
         <run_address>0x722</run_address>
         <size>0x18c</size>
         <input_file_ref idref="fl-2"/>
      </object_component>
      <object_component id="oc-18b">
         <name>.debug_info</name>
         <load_address>0x8ae</load_address>
         <run_address>0x8ae</run_address>
         <size>0x2ef</size>
         <input_file_ref idref="fl-2"/>
      </object_component>
      <object_component id="oc-a1">
         <name>.debug_info</name>
         <load_address>0xb9d</load_address>
         <run_address>0xb9d</run_address>
         <size>0x26b</size>
         <input_file_ref idref="fl-2"/>
      </object_component>
      <object_component id="oc-50">
         <name>.debug_info</name>
         <load_address>0xe08</load_address>
         <run_address>0xe08</run_address>
         <size>0x84</size>
         <input_file_ref idref="fl-2"/>
      </object_component>
      <object_component id="oc-1b6">
         <name>.debug_info</name>
         <load_address>0xe8c</load_address>
         <run_address>0xe8c</run_address>
         <size>0x46</size>
         <input_file_ref idref="fl-2"/>
      </object_component>
      <object_component id="oc-1b1">
         <name>.debug_info</name>
         <load_address>0xed2</load_address>
         <run_address>0xed2</run_address>
         <size>0x2c</size>
         <input_file_ref idref="fl-2"/>
      </object_component>
      <object_component id="oc-190">
         <name>.debug_info</name>
         <load_address>0xefe</load_address>
         <run_address>0xefe</run_address>
         <size>0x2c</size>
         <input_file_ref idref="fl-2"/>
      </object_component>
      <object_component id="oc-109">
         <name>.debug_info</name>
         <load_address>0xf2a</load_address>
         <run_address>0xf2a</run_address>
         <size>0x297</size>
         <input_file_ref idref="fl-2"/>
      </object_component>
      <object_component id="oc-a6">
         <name>.debug_info</name>
         <load_address>0x11c1</load_address>
         <run_address>0x11c1</run_address>
         <size>0xbb</size>
         <input_file_ref idref="fl-2"/>
      </object_component>
      <object_component id="oc-e1">
         <name>.debug_info</name>
         <load_address>0x127c</load_address>
         <run_address>0x127c</run_address>
         <size>0x53</size>
         <input_file_ref idref="fl-2"/>
      </object_component>
      <object_component id="oc-1d0">
         <name>.debug_info</name>
         <load_address>0x12cf</load_address>
         <run_address>0x12cf</run_address>
         <size>0x2c</size>
         <input_file_ref idref="fl-2"/>
      </object_component>
      <object_component id="oc-19a">
         <name>.debug_info</name>
         <load_address>0x12fb</load_address>
         <run_address>0x12fb</run_address>
         <size>0x14c</size>
         <input_file_ref idref="fl-2"/>
      </object_component>
      <object_component id="oc-20f">
         <name>.debug_info</name>
         <load_address>0x1447</load_address>
         <run_address>0x1447</run_address>
         <size>0x5f3</size>
         <input_file_ref idref="fl-3"/>
      </object_component>
      <object_component id="oc-20c">
         <name>.debug_info</name>
         <load_address>0x1a3a</load_address>
         <run_address>0x1a3a</run_address>
         <size>0xd9</size>
         <input_file_ref idref="fl-3"/>
      </object_component>
      <object_component id="oc-209">
         <name>.debug_info</name>
         <load_address>0x1b13</load_address>
         <run_address>0x1b13</run_address>
         <size>0xdd</size>
         <input_file_ref idref="fl-3"/>
      </object_component>
      <object_component id="oc-133">
         <name>.debug_info</name>
         <load_address>0x1bf0</load_address>
         <run_address>0x1bf0</run_address>
         <size>0x197</size>
         <input_file_ref idref="fl-3"/>
      </object_component>
      <object_component id="oc-212">
         <name>.debug_info</name>
         <load_address>0x1d87</load_address>
         <run_address>0x1d87</run_address>
         <size>0x29f</size>
         <input_file_ref idref="fl-3"/>
      </object_component>
      <object_component id="oc-49">
         <name>.debug_info</name>
         <load_address>0x2026</load_address>
         <run_address>0x2026</run_address>
         <size>0x31c</size>
         <input_file_ref idref="fl-4"/>
      </object_component>
      <object_component id="oc-10">
         <name>.debug_info</name>
         <load_address>0x2342</load_address>
         <run_address>0x2342</run_address>
         <size>0xdb</size>
         <input_file_ref idref="fl-4"/>
      </object_component>
      <object_component id="oc-27">
         <name>.debug_info</name>
         <load_address>0x241d</load_address>
         <run_address>0x241d</run_address>
         <size>0x10b</size>
         <input_file_ref idref="fl-4"/>
      </object_component>
      <object_component id="oc-2c">
         <name>.debug_info</name>
         <load_address>0x2528</load_address>
         <run_address>0x2528</run_address>
         <size>0xfc</size>
         <input_file_ref idref="fl-4"/>
      </object_component>
      <object_component id="oc-37">
         <name>.debug_info</name>
         <load_address>0x2624</load_address>
         <run_address>0x2624</run_address>
         <size>0x114</size>
         <input_file_ref idref="fl-4"/>
      </object_component>
      <object_component id="oc-33">
         <name>.debug_info</name>
         <load_address>0x2738</load_address>
         <run_address>0x2738</run_address>
         <size>0x102</size>
         <input_file_ref idref="fl-4"/>
      </object_component>
      <object_component id="oc-32c">
         <name>.debug_info</name>
         <load_address>0x283a</load_address>
         <run_address>0x283a</run_address>
         <size>0x528</size>
         <input_file_ref idref="fl-5"/>
      </object_component>
      <object_component id="oc-139">
         <name>.debug_info</name>
         <load_address>0x2d62</load_address>
         <run_address>0x2d62</run_address>
         <size>0x146</size>
         <input_file_ref idref="fl-5"/>
      </object_component>
      <object_component id="oc-21f">
         <name>.debug_info</name>
         <load_address>0x2ea8</load_address>
         <run_address>0x2ea8</run_address>
         <size>0x289</size>
         <input_file_ref idref="fl-5"/>
      </object_component>
      <object_component id="oc-3f5">
         <name>.debug_info</name>
         <load_address>0x3131</load_address>
         <run_address>0x3131</run_address>
         <size>0x2aa</size>
         <input_file_ref idref="fl-6"/>
      </object_component>
      <object_component id="oc-322">
         <name>.debug_info</name>
         <load_address>0x33db</load_address>
         <run_address>0x33db</run_address>
         <size>0x125</size>
         <input_file_ref idref="fl-6"/>
      </object_component>
      <object_component id="oc-324">
         <name>.debug_info</name>
         <load_address>0x3500</load_address>
         <run_address>0x3500</run_address>
         <size>0x2e5</size>
         <input_file_ref idref="fl-6"/>
      </object_component>
      <object_component id="oc-21a">
         <name>.debug_info</name>
         <load_address>0x37e5</load_address>
         <run_address>0x37e5</run_address>
         <size>0x1f0</size>
         <input_file_ref idref="fl-6"/>
      </object_component>
      <object_component id="oc-2d9">
         <name>.debug_info</name>
         <load_address>0x39d5</load_address>
         <run_address>0x39d5</run_address>
         <size>0x2ed</size>
         <input_file_ref idref="fl-7"/>
      </object_component>
      <object_component id="oc-2de">
         <name>.debug_info</name>
         <load_address>0x3cc2</load_address>
         <run_address>0x3cc2</run_address>
         <size>0x117</size>
         <input_file_ref idref="fl-7"/>
      </object_component>
      <object_component id="oc-2db">
         <name>.debug_info</name>
         <load_address>0x3dd9</load_address>
         <run_address>0x3dd9</run_address>
         <size>0x117</size>
         <input_file_ref idref="fl-7"/>
      </object_component>
      <object_component id="oc-1f7">
         <name>.debug_info</name>
         <load_address>0x3ef0</load_address>
         <run_address>0x3ef0</run_address>
         <size>0x21f</size>
         <input_file_ref idref="fl-7"/>
      </object_component>
      <object_component id="oc-1f1">
         <name>.debug_info</name>
         <load_address>0x410f</load_address>
         <run_address>0x410f</run_address>
         <size>0x21c</size>
         <input_file_ref idref="fl-7"/>
      </object_component>
      <object_component id="oc-2d3">
         <name>.debug_info</name>
         <load_address>0x432b</load_address>
         <run_address>0x432b</run_address>
         <size>0x218</size>
         <input_file_ref idref="fl-7"/>
      </object_component>
      <object_component id="oc-1eb">
         <name>.debug_info</name>
         <load_address>0x4543</load_address>
         <run_address>0x4543</run_address>
         <size>0x257</size>
         <input_file_ref idref="fl-7"/>
      </object_component>
      <object_component id="oc-31b">
         <name>.debug_info</name>
         <load_address>0x479a</load_address>
         <run_address>0x479a</run_address>
         <size>0x1f0</size>
         <input_file_ref idref="fl-7"/>
      </object_component>
      <object_component id="oc-1ab">
         <name>.debug_info</name>
         <load_address>0x498a</load_address>
         <run_address>0x498a</run_address>
         <size>0x2f9</size>
         <input_file_ref idref="fl-8"/>
      </object_component>
      <object_component id="oc-101">
         <name>.debug_info</name>
         <load_address>0x4c83</load_address>
         <run_address>0x4c83</run_address>
         <size>0x23a</size>
         <input_file_ref idref="fl-8"/>
      </object_component>
      <object_component id="oc-398">
         <name>.debug_info</name>
         <load_address>0x4ebd</load_address>
         <run_address>0x4ebd</run_address>
         <size>0x265</size>
         <input_file_ref idref="fl-8"/>
      </object_component>
      <object_component id="oc-3bf">
         <name>.debug_info</name>
         <load_address>0x5122</load_address>
         <run_address>0x5122</run_address>
         <size>0x1e7</size>
         <input_file_ref idref="fl-8"/>
      </object_component>
      <object_component id="oc-1dc">
         <name>.debug_info</name>
         <load_address>0x5309</load_address>
         <run_address>0x5309</run_address>
         <size>0x1df</size>
         <input_file_ref idref="fl-8"/>
      </object_component>
      <object_component id="oc-fa">
         <name>.debug_info</name>
         <load_address>0x54e8</load_address>
         <run_address>0x54e8</run_address>
         <size>0x212</size>
         <input_file_ref idref="fl-8"/>
      </object_component>
      <object_component id="oc-19f">
         <name>.debug_info</name>
         <load_address>0x56fa</load_address>
         <run_address>0x56fa</run_address>
         <size>0x110</size>
         <input_file_ref idref="fl-8"/>
      </object_component>
      <object_component id="oc-1e8">
         <name>.debug_info</name>
         <load_address>0x580a</load_address>
         <run_address>0x580a</run_address>
         <size>0x78a</size>
         <input_file_ref idref="fl-9"/>
      </object_component>
      <object_component id="oc-2ae">
         <name>.debug_info</name>
         <load_address>0x5f94</load_address>
         <run_address>0x5f94</run_address>
         <size>0x2b4</size>
         <input_file_ref idref="fl-9"/>
      </object_component>
      <object_component id="oc-3d9">
         <name>.debug_info</name>
         <load_address>0x6248</load_address>
         <run_address>0x6248</run_address>
         <size>0x234</size>
         <input_file_ref idref="fl-9"/>
      </object_component>
      <object_component id="oc-3e5">
         <name>.debug_info</name>
         <load_address>0x647c</load_address>
         <run_address>0x647c</run_address>
         <size>0x231</size>
         <input_file_ref idref="fl-9"/>
      </object_component>
      <object_component id="oc-310">
         <name>.debug_info</name>
         <load_address>0x66ad</load_address>
         <run_address>0x66ad</run_address>
         <size>0x55d</size>
         <input_file_ref idref="fl-9"/>
      </object_component>
      <object_component id="oc-2b4">
         <name>.debug_info</name>
         <load_address>0x6c0a</load_address>
         <run_address>0x6c0a</run_address>
         <size>0x232</size>
         <input_file_ref idref="fl-9"/>
      </object_component>
      <object_component id="oc-2c0">
         <name>.debug_info</name>
         <load_address>0x6e3c</load_address>
         <run_address>0x6e3c</run_address>
         <size>0x29a</size>
         <input_file_ref idref="fl-9"/>
      </object_component>
      <object_component id="oc-1e3">
         <name>.debug_info</name>
         <load_address>0x70d6</load_address>
         <run_address>0x70d6</run_address>
         <size>0x4cd</size>
         <input_file_ref idref="fl-9"/>
      </object_component>
      <object_component id="oc-2e4">
         <name>.debug_info</name>
         <load_address>0x75a3</load_address>
         <run_address>0x75a3</run_address>
         <size>0x2b8</size>
         <input_file_ref idref="fl-9"/>
      </object_component>
      <object_component id="oc-1fe">
         <name>.debug_info</name>
         <load_address>0x785b</load_address>
         <run_address>0x785b</run_address>
         <size>0x316</size>
         <input_file_ref idref="fl-9"/>
      </object_component>
      <object_component id="oc-12e">
         <name>.debug_info</name>
         <load_address>0x7b71</load_address>
         <run_address>0x7b71</run_address>
         <size>0x275</size>
         <input_file_ref idref="fl-9"/>
      </object_component>
      <object_component id="oc-2cd">
         <name>.debug_info</name>
         <load_address>0x7de6</load_address>
         <run_address>0x7de6</run_address>
         <size>0x1cd</size>
         <input_file_ref idref="fl-9"/>
      </object_component>
      <object_component id="oc-e0">
         <name>.debug_info</name>
         <load_address>0x7fb3</load_address>
         <run_address>0x7fb3</run_address>
         <size>0x771</size>
         <input_file_ref idref="fl-a"/>
      </object_component>
      <object_component id="oc-8c">
         <name>.debug_info</name>
         <load_address>0x8724</load_address>
         <run_address>0x8724</run_address>
         <size>0x31d</size>
         <input_file_ref idref="fl-a"/>
      </object_component>
      <object_component id="oc-f0">
         <name>.debug_info</name>
         <load_address>0x8a41</load_address>
         <run_address>0x8a41</run_address>
         <size>0x119</size>
         <input_file_ref idref="fl-a"/>
      </object_component>
      <object_component id="oc-3cd">
         <name>.debug_info</name>
         <load_address>0x8b5a</load_address>
         <run_address>0x8b5a</run_address>
         <size>0x119</size>
         <input_file_ref idref="fl-a"/>
      </object_component>
      <object_component id="oc-3d0">
         <name>.debug_info</name>
         <load_address>0x8c73</load_address>
         <run_address>0x8c73</run_address>
         <size>0x119</size>
         <input_file_ref idref="fl-a"/>
      </object_component>
      <object_component id="oc-106">
         <name>.debug_info</name>
         <load_address>0x8d8c</load_address>
         <run_address>0x8d8c</run_address>
         <size>0x15b</size>
         <input_file_ref idref="fl-a"/>
      </object_component>
      <object_component id="oc-37b">
         <name>.debug_info</name>
         <load_address>0x8ee7</load_address>
         <run_address>0x8ee7</run_address>
         <size>0x119</size>
         <input_file_ref idref="fl-a"/>
      </object_component>
      <object_component id="oc-3d3">
         <name>.debug_info</name>
         <load_address>0x9000</load_address>
         <run_address>0x9000</run_address>
         <size>0x127</size>
         <input_file_ref idref="fl-a"/>
      </object_component>
      <object_component id="oc-3a4">
         <name>.debug_info</name>
         <load_address>0x9127</load_address>
         <run_address>0x9127</run_address>
         <size>0x11b</size>
         <input_file_ref idref="fl-a"/>
      </object_component>
      <object_component id="oc-f4">
         <name>.debug_info</name>
         <load_address>0x9242</load_address>
         <run_address>0x9242</run_address>
         <size>0x1e5</size>
         <input_file_ref idref="fl-a"/>
      </object_component>
      <object_component id="oc-99">
         <name>.debug_info</name>
         <load_address>0x9427</load_address>
         <run_address>0x9427</run_address>
         <size>0x2b5</size>
         <input_file_ref idref="fl-a"/>
      </object_component>
      <object_component id="oc-283">
         <name>.debug_info</name>
         <load_address>0x96dc</load_address>
         <run_address>0x96dc</run_address>
         <size>0x27d</size>
         <input_file_ref idref="fl-a"/>
      </object_component>
      <object_component id="oc-2c5">
         <name>.debug_info</name>
         <load_address>0x9959</load_address>
         <run_address>0x9959</run_address>
         <size>0x286</size>
         <input_file_ref idref="fl-a"/>
      </object_component>
      <object_component id="oc-3a8">
         <name>.debug_info</name>
         <load_address>0x9bdf</load_address>
         <run_address>0x9bdf</run_address>
         <size>0x267</size>
         <input_file_ref idref="fl-a"/>
      </object_component>
      <object_component id="oc-39e">
         <name>.debug_info</name>
         <load_address>0x9e46</load_address>
         <run_address>0x9e46</run_address>
         <size>0x240</size>
         <input_file_ref idref="fl-a"/>
      </object_component>
      <object_component id="oc-309">
         <name>.debug_info</name>
         <load_address>0xa086</load_address>
         <run_address>0xa086</run_address>
         <size>0x1d8</size>
         <input_file_ref idref="fl-a"/>
      </object_component>
      <object_component id="oc-2ea">
         <name>.debug_info</name>
         <load_address>0xa25e</load_address>
         <run_address>0xa25e</run_address>
         <size>0x2cb</size>
         <input_file_ref idref="fl-a"/>
      </object_component>
      <object_component id="oc-2f0">
         <name>.debug_info</name>
         <load_address>0xa529</load_address>
         <run_address>0xa529</run_address>
         <size>0x2c7</size>
         <input_file_ref idref="fl-a"/>
      </object_component>
      <object_component id="oc-2fc">
         <name>.debug_info</name>
         <load_address>0xa7f0</load_address>
         <run_address>0xa7f0</run_address>
         <size>0x24c</size>
         <input_file_ref idref="fl-a"/>
      </object_component>
      <object_component id="oc-203">
         <name>.debug_info</name>
         <load_address>0xaa3c</load_address>
         <run_address>0xaa3c</run_address>
         <size>0x482</size>
         <input_file_ref idref="fl-a"/>
      </object_component>
      <object_component id="oc-295">
         <name>.debug_info</name>
         <load_address>0xaebe</load_address>
         <run_address>0xaebe</run_address>
         <size>0x1fb</size>
         <input_file_ref idref="fl-a"/>
      </object_component>
      <object_component id="oc-2a7">
         <name>.debug_info</name>
         <load_address>0xb0b9</load_address>
         <run_address>0xb0b9</run_address>
         <size>0x2cf</size>
         <input_file_ref idref="fl-a"/>
      </object_component>
      <object_component id="oc-92">
         <name>.debug_info</name>
         <load_address>0xb388</load_address>
         <run_address>0xb388</run_address>
         <size>0x246</size>
         <input_file_ref idref="fl-a"/>
      </object_component>
      <object_component id="oc-277">
         <name>.debug_info</name>
         <load_address>0xb5ce</load_address>
         <run_address>0xb5ce</run_address>
         <size>0x1bb</size>
         <input_file_ref idref="fl-a"/>
      </object_component>
      <object_component id="oc-13f">
         <name>.debug_info</name>
         <load_address>0xb789</load_address>
         <run_address>0xb789</run_address>
         <size>0x1f6</size>
         <input_file_ref idref="fl-a"/>
      </object_component>
      <object_component id="oc-3de">
         <name>.debug_info</name>
         <load_address>0xb97f</load_address>
         <run_address>0xb97f</run_address>
         <size>0x24c</size>
         <input_file_ref idref="fl-a"/>
      </object_component>
      <object_component id="oc-2b9">
         <name>.debug_info</name>
         <load_address>0xbbcb</load_address>
         <run_address>0xbbcb</run_address>
         <size>0x2ac</size>
         <input_file_ref idref="fl-a"/>
      </object_component>
      <object_component id="oc-390">
         <name>.debug_info</name>
         <load_address>0xbe77</load_address>
         <run_address>0xbe77</run_address>
         <size>0x1bd</size>
         <input_file_ref idref="fl-a"/>
      </object_component>
      <object_component id="oc-315">
         <name>.debug_info</name>
         <load_address>0xc034</load_address>
         <run_address>0xc034</run_address>
         <size>0x329</size>
         <input_file_ref idref="fl-a"/>
      </object_component>
      <object_component id="oc-3ea">
         <name>.debug_info</name>
         <load_address>0xc35d</load_address>
         <run_address>0xc35d</run_address>
         <size>0x1db</size>
         <input_file_ref idref="fl-a"/>
      </object_component>
      <object_component id="oc-3fc">
         <name>.debug_info</name>
         <load_address>0xc538</load_address>
         <run_address>0xc538</run_address>
         <size>0x1fa</size>
         <input_file_ref idref="fl-a"/>
      </object_component>
      <object_component id="oc-338">
         <name>.debug_info</name>
         <load_address>0xc732</load_address>
         <run_address>0xc732</run_address>
         <size>0x290</size>
         <input_file_ref idref="fl-a"/>
      </object_component>
      <object_component id="oc-22c">
         <name>.debug_info</name>
         <load_address>0xc9c2</load_address>
         <run_address>0xc9c2</run_address>
         <size>0x1f3</size>
         <input_file_ref idref="fl-a"/>
      </object_component>
      <object_component id="oc-186">
         <name>.debug_info</name>
         <load_address>0xcbb5</load_address>
         <run_address>0xcbb5</run_address>
         <size>0x169</size>
         <input_file_ref idref="fl-a"/>
      </object_component>
      <object_component id="oc-195">
         <name>.debug_info</name>
         <load_address>0xcd1e</load_address>
         <run_address>0xcd1e</run_address>
         <size>0x46</size>
         <input_file_ref idref="fl-a"/>
      </object_component>
      <object_component id="oc-e8">
         <name>.debug_info</name>
         <load_address>0xcd64</load_address>
         <run_address>0xcd64</run_address>
         <size>0x3d9</size>
         <input_file_ref idref="fl-b"/>
      </object_component>
      <object_component id="oc-8f">
         <name>.debug_info</name>
         <load_address>0xd13d</load_address>
         <run_address>0xd13d</run_address>
         <size>0x147</size>
         <input_file_ref idref="fl-b"/>
      </object_component>
      <object_component id="oc-334">
         <name>.debug_info</name>
         <load_address>0xd284</load_address>
         <run_address>0xd284</run_address>
         <size>0x12e</size>
         <input_file_ref idref="fl-b"/>
      </object_component>
      <object_component id="oc-45">
         <name>.debug_info</name>
         <load_address>0xd3b2</load_address>
         <run_address>0xd3b2</run_address>
         <size>0x21b</size>
         <input_file_ref idref="fl-b"/>
      </object_component>
      <object_component id="oc-331">
         <name>.debug_info</name>
         <load_address>0xd5cd</load_address>
         <run_address>0xd5cd</run_address>
         <size>0x20c</size>
         <input_file_ref idref="fl-b"/>
      </object_component>
      <object_component id="oc-229">
         <name>.debug_info</name>
         <load_address>0xd7d9</load_address>
         <run_address>0xd7d9</run_address>
         <size>0x254</size>
         <input_file_ref idref="fl-b"/>
      </object_component>
      <object_component id="oc-29e">
         <name>.debug_info</name>
         <load_address>0xda2d</load_address>
         <run_address>0xda2d</run_address>
         <size>0x1fe</size>
         <input_file_ref idref="fl-b"/>
      </object_component>
      <object_component id="oc-2a4">
         <name>.debug_info</name>
         <load_address>0xdc2b</load_address>
         <run_address>0xdc2b</run_address>
         <size>0x200</size>
         <input_file_ref idref="fl-b"/>
      </object_component>
      <object_component id="oc-2f9">
         <name>.debug_info</name>
         <load_address>0xde2b</load_address>
         <run_address>0xde2b</run_address>
         <size>0x2b5</size>
         <input_file_ref idref="fl-b"/>
      </object_component>
      <object_component id="oc-3c9">
         <name>.debug_info</name>
         <load_address>0xe0e0</load_address>
         <run_address>0xe0e0</run_address>
         <size>0x1ee</size>
         <input_file_ref idref="fl-b"/>
      </object_component>
      <object_component id="oc-3f">
         <name>.debug_info</name>
         <load_address>0xe2ce</load_address>
         <run_address>0xe2ce</run_address>
         <size>0x27f</size>
         <input_file_ref idref="fl-c"/>
      </object_component>
      <object_component id="oc-292">
         <name>.debug_info</name>
         <load_address>0xe54d</load_address>
         <run_address>0xe54d</run_address>
         <size>0x3a2</size>
         <input_file_ref idref="fl-d"/>
      </object_component>
      <object_component id="oc-377">
         <name>.debug_info</name>
         <load_address>0xe8ef</load_address>
         <run_address>0xe8ef</run_address>
         <size>0x115</size>
         <input_file_ref idref="fl-d"/>
      </object_component>
      <object_component id="oc-28c">
         <name>.debug_info</name>
         <load_address>0xea04</load_address>
         <run_address>0xea04</run_address>
         <size>0x115</size>
         <input_file_ref idref="fl-d"/>
      </object_component>
      <object_component id="oc-28f">
         <name>.debug_info</name>
         <load_address>0xeb19</load_address>
         <run_address>0xeb19</run_address>
         <size>0x111</size>
         <input_file_ref idref="fl-d"/>
      </object_component>
      <object_component id="oc-289">
         <name>.debug_info</name>
         <load_address>0xec2a</load_address>
         <run_address>0xec2a</run_address>
         <size>0x12f</size>
         <input_file_ref idref="fl-d"/>
      </object_component>
      <object_component id="oc-3b8">
         <name>.debug_info</name>
         <load_address>0xed59</load_address>
         <run_address>0xed59</run_address>
         <size>0x277</size>
         <input_file_ref idref="fl-d"/>
      </object_component>
      <object_component id="oc-27d">
         <name>.debug_info</name>
         <load_address>0xefd0</load_address>
         <run_address>0xefd0</run_address>
         <size>0x1e8</size>
         <input_file_ref idref="fl-d"/>
      </object_component>
      <object_component id="oc-1d6">
         <name>.debug_info</name>
         <load_address>0xf1b8</load_address>
         <run_address>0xf1b8</run_address>
         <size>0x35a</size>
         <input_file_ref idref="fl-d"/>
      </object_component>
      <object_component id="oc-382">
         <name>.debug_info</name>
         <load_address>0xf512</load_address>
         <run_address>0xf512</run_address>
         <size>0x62</size>
         <input_file_ref idref="fl-d"/>
      </object_component>
      <object_component id="oc-1cf">
         <name>.debug_info</name>
         <load_address>0xf574</load_address>
         <run_address>0xf574</run_address>
         <size>0x2b8</size>
         <input_file_ref idref="fl-e"/>
      </object_component>
      <object_component id="oc-265">
         <name>.debug_info</name>
         <load_address>0xf82c</load_address>
         <run_address>0xf82c</run_address>
         <size>0xf9</size>
         <input_file_ref idref="fl-e"/>
      </object_component>
      <object_component id="oc-25f">
         <name>.debug_info</name>
         <load_address>0xf925</load_address>
         <run_address>0xf925</run_address>
         <size>0x101</size>
         <input_file_ref idref="fl-e"/>
      </object_component>
      <object_component id="oc-25c">
         <name>.debug_info</name>
         <load_address>0xfa26</load_address>
         <run_address>0xfa26</run_address>
         <size>0x105</size>
         <input_file_ref idref="fl-e"/>
      </object_component>
      <object_component id="oc-269">
         <name>.debug_info</name>
         <load_address>0xfb2b</load_address>
         <run_address>0xfb2b</run_address>
         <size>0x1f0</size>
         <input_file_ref idref="fl-e"/>
      </object_component>
      <object_component id="oc-1c9">
         <name>.debug_info</name>
         <load_address>0xfd1b</load_address>
         <run_address>0xfd1b</run_address>
         <size>0x322</size>
         <input_file_ref idref="fl-e"/>
      </object_component>
      <object_component id="oc-127">
         <name>.debug_info</name>
         <load_address>0x1003d</load_address>
         <run_address>0x1003d</run_address>
         <size>0x1bd</size>
         <input_file_ref idref="fl-e"/>
      </object_component>
      <object_component id="oc-262">
         <name>.debug_info</name>
         <load_address>0x101fa</load_address>
         <run_address>0x101fa</run_address>
         <size>0x23b</size>
         <input_file_ref idref="fl-e"/>
      </object_component>
      <object_component id="oc-1c2">
         <name>.debug_info</name>
         <load_address>0x10435</load_address>
         <run_address>0x10435</run_address>
         <size>0x253</size>
         <input_file_ref idref="fl-e"/>
      </object_component>
      <object_component id="oc-26f">
         <name>.debug_info</name>
         <load_address>0x10688</load_address>
         <run_address>0x10688</run_address>
         <size>0x145</size>
         <input_file_ref idref="fl-ca"/>
      </object_component>
      <object_component id="oc-58">
         <name>.debug_info</name>
         <load_address>0x107cd</load_address>
         <run_address>0x107cd</run_address>
         <size>0x11c</size>
         <input_file_ref idref="fl-cc"/>
      </object_component>
      <object_component id="oc-c1">
         <name>.debug_info</name>
         <load_address>0x108e9</load_address>
         <run_address>0x108e9</run_address>
         <size>0x14a</size>
         <input_file_ref idref="fl-cd"/>
      </object_component>
      <object_component id="oc-bf">
         <name>.debug_info</name>
         <load_address>0x10a33</load_address>
         <run_address>0x10a33</run_address>
         <size>0x31e</size>
         <input_file_ref idref="fl-ce"/>
      </object_component>
      <object_component id="oc-6b">
         <name>.debug_info</name>
         <load_address>0x10d51</load_address>
         <run_address>0x10d51</run_address>
         <size>0x1b5</size>
         <input_file_ref idref="fl-ce"/>
      </object_component>
      <object_component id="oc-ba">
         <name>.debug_info</name>
         <load_address>0x10f06</load_address>
         <run_address>0x10f06</run_address>
         <size>0x46</size>
         <input_file_ref idref="fl-ce"/>
      </object_component>
      <object_component id="oc-117">
         <name>.debug_info</name>
         <load_address>0x10f4c</load_address>
         <run_address>0x10f4c</run_address>
         <size>0x2c</size>
         <input_file_ref idref="fl-ce"/>
      </object_component>
      <object_component id="oc-60">
         <name>.debug_info</name>
         <load_address>0x10f78</load_address>
         <run_address>0x10f78</run_address>
         <size>0x2a8</size>
         <input_file_ref idref="fl-cf"/>
      </object_component>
      <object_component id="oc-19">
         <name>.debug_info</name>
         <load_address>0x11220</load_address>
         <run_address>0x11220</run_address>
         <size>0x1ea</size>
         <input_file_ref idref="fl-cf"/>
      </object_component>
      <object_component id="oc-5b">
         <name>.debug_info</name>
         <load_address>0x1140a</load_address>
         <run_address>0x1140a</run_address>
         <size>0x46</size>
         <input_file_ref idref="fl-cf"/>
      </object_component>
      <object_component id="oc-b2">
         <name>.debug_info</name>
         <load_address>0x11450</load_address>
         <run_address>0x11450</run_address>
         <size>0x2c</size>
         <input_file_ref idref="fl-cf"/>
      </object_component>
      <object_component id="oc-b0">
         <name>.debug_info</name>
         <load_address>0x1147c</load_address>
         <run_address>0x1147c</run_address>
         <size>0x29e</size>
         <input_file_ref idref="fl-d0"/>
      </object_component>
      <object_component id="oc-15">
         <name>.debug_info</name>
         <load_address>0x1171a</load_address>
         <run_address>0x1171a</run_address>
         <size>0x250</size>
         <input_file_ref idref="fl-d0"/>
      </object_component>
      <object_component id="oc-4b">
         <name>.debug_info</name>
         <load_address>0x1196a</load_address>
         <run_address>0x1196a</run_address>
         <size>0x60</size>
         <input_file_ref idref="fl-d0"/>
      </object_component>
      <object_component id="oc-110">
         <name>.debug_info</name>
         <load_address>0x119ca</load_address>
         <run_address>0x119ca</run_address>
         <size>0x46</size>
         <input_file_ref idref="fl-d0"/>
      </object_component>
      <object_component id="oc-ab">
         <name>.debug_info</name>
         <load_address>0x11a10</load_address>
         <run_address>0x11a10</run_address>
         <size>0x39</size>
         <input_file_ref idref="fl-d0"/>
      </object_component>
      <object_component id="oc-22">
         <name>.debug_info</name>
         <load_address>0x11a49</load_address>
         <run_address>0x11a49</run_address>
         <size>0x10b</size>
         <input_file_ref idref="fl-d1"/>
      </object_component>
      <object_component id="oc-74">
         <name>.debug_info</name>
         <load_address>0x11b54</load_address>
         <run_address>0x11b54</run_address>
         <size>0x1af</size>
         <input_file_ref idref="fl-d1"/>
      </object_component>
      <object_component id="oc-149">
         <name>.debug_info</name>
         <load_address>0x11d03</load_address>
         <run_address>0x11d03</run_address>
         <size>0x122</size>
         <input_file_ref idref="fl-d2"/>
      </object_component>
      <object_component id="oc-372">
         <name>.debug_info</name>
         <load_address>0x11e25</load_address>
         <run_address>0x11e25</run_address>
         <size>0x118</size>
         <input_file_ref idref="fl-d5"/>
      </object_component>
      <object_component id="oc-23d">
         <name>.debug_info</name>
         <load_address>0x11f3d</load_address>
         <run_address>0x11f3d</run_address>
         <size>0x552</size>
         <input_file_ref idref="fl-d6"/>
      </object_component>
      <object_component id="oc-155">
         <name>.debug_info</name>
         <load_address>0x1248f</load_address>
         <run_address>0x1248f</run_address>
         <size>0x1a6</size>
         <input_file_ref idref="fl-d6"/>
      </object_component>
      <object_component id="oc-34e">
         <name>.debug_info</name>
         <load_address>0x12635</load_address>
         <run_address>0x12635</run_address>
         <size>0x39</size>
         <input_file_ref idref="fl-d6"/>
      </object_component>
      <object_component id="oc-405">
         <name>.debug_info</name>
         <load_address>0x1266e</load_address>
         <run_address>0x1266e</run_address>
         <size>0x39</size>
         <input_file_ref idref="fl-d6"/>
      </object_component>
      <object_component id="oc-353">
         <name>.debug_info</name>
         <load_address>0x126a7</load_address>
         <run_address>0x126a7</run_address>
         <size>0x39</size>
         <input_file_ref idref="fl-d6"/>
      </object_component>
      <object_component id="oc-358">
         <name>.debug_info</name>
         <load_address>0x126e0</load_address>
         <run_address>0x126e0</run_address>
         <size>0xcd</size>
         <input_file_ref idref="fl-d6"/>
      </object_component>
      <object_component id="oc-ca">
         <name>.debug_info</name>
         <load_address>0x127ad</load_address>
         <run_address>0x127ad</run_address>
         <size>0x153</size>
         <input_file_ref idref="fl-d7"/>
      </object_component>
      <object_component id="oc-35f">
         <name>.debug_info</name>
         <load_address>0x12900</load_address>
         <run_address>0x12900</run_address>
         <size>0x8b</size>
         <input_file_ref idref="fl-d9"/>
      </object_component>
      <object_component id="oc-255">
         <name>.debug_info</name>
         <load_address>0x1298b</load_address>
         <run_address>0x1298b</run_address>
         <size>0x18b</size>
         <input_file_ref idref="fl-d9"/>
      </object_component>
      <object_component id="oc-25a">
         <name>.debug_info</name>
         <load_address>0x12b16</load_address>
         <run_address>0x12b16</run_address>
         <size>0x227</size>
         <input_file_ref idref="fl-da"/>
      </object_component>
      <object_component id="oc-1be">
         <name>.debug_info</name>
         <load_address>0x12d3d</load_address>
         <run_address>0x12d3d</run_address>
         <size>0x291</size>
         <input_file_ref idref="fl-da"/>
      </object_component>
      <object_component id="oc-458">
         <name>.debug_info</name>
         <load_address>0x12fce</load_address>
         <run_address>0x12fce</run_address>
         <size>0x9e</size>
      </object_component>
      <object_component id="oc-1b0">
         <name>.debug_line</name>
         <load_address>0x0</load_address>
         <run_address>0x0</run_address>
         <size>0x169</size>
         <input_file_ref idref="fl-2"/>
      </object_component>
      <object_component id="oc-ed">
         <name>.debug_line</name>
         <load_address>0x169</load_address>
         <run_address>0x169</run_address>
         <size>0x48</size>
         <input_file_ref idref="fl-2"/>
      </object_component>
      <object_component id="oc-125">
         <name>.debug_line</name>
         <load_address>0x1b1</load_address>
         <run_address>0x1b1</run_address>
         <size>0x51</size>
         <input_file_ref idref="fl-2"/>
      </object_component>
      <object_component id="oc-d0">
         <name>.debug_line</name>
         <load_address>0x202</load_address>
         <run_address>0x202</run_address>
         <size>0x58</size>
         <input_file_ref idref="fl-2"/>
      </object_component>
      <object_component id="oc-18e">
         <name>.debug_line</name>
         <load_address>0x25a</load_address>
         <run_address>0x25a</run_address>
         <size>0x70</size>
         <input_file_ref idref="fl-2"/>
      </object_component>
      <object_component id="oc-a4">
         <name>.debug_line</name>
         <load_address>0x2ca</load_address>
         <run_address>0x2ca</run_address>
         <size>0x69</size>
         <input_file_ref idref="fl-2"/>
      </object_component>
      <object_component id="oc-53">
         <name>.debug_line</name>
         <load_address>0x333</load_address>
         <run_address>0x333</run_address>
         <size>0x20</size>
         <input_file_ref idref="fl-2"/>
      </object_component>
      <object_component id="oc-1b9">
         <name>.debug_line</name>
         <load_address>0x353</load_address>
         <run_address>0x353</run_address>
         <size>0x71</size>
         <input_file_ref idref="fl-2"/>
      </object_component>
      <object_component id="oc-1b4">
         <name>.debug_line</name>
         <load_address>0x3c4</load_address>
         <run_address>0x3c4</run_address>
         <size>0x72</size>
         <input_file_ref idref="fl-2"/>
      </object_component>
      <object_component id="oc-193">
         <name>.debug_line</name>
         <load_address>0x436</load_address>
         <run_address>0x436</run_address>
         <size>0x74</size>
         <input_file_ref idref="fl-2"/>
      </object_component>
      <object_component id="oc-10c">
         <name>.debug_line</name>
         <load_address>0x4aa</load_address>
         <run_address>0x4aa</run_address>
         <size>0x6d</size>
         <input_file_ref idref="fl-2"/>
      </object_component>
      <object_component id="oc-a9">
         <name>.debug_line</name>
         <load_address>0x517</load_address>
[...]
         </contents>
      </load_segment>
      <load_segment id="lg-463" display="no" color="cyan">
         <name>SEGMENT_1</name>
         <run_address>0x20000000</run_address>
         <size>0x795c</size>
         <flags>0x6</flags>
         <contents>
            <logical_group_ref idref="lg-b"/>
            <logical_group_ref idref="lg-d"/>
            <logical_group_ref idref="lg-a"/>
         </contents>
      </load_segment>
   </logical_group_list>
   <placement_map>
      <memory_area display="yes" color="green">
         <name>FLASH</name>
         <page_id>0x0</page_id>
         <origin>0x0</origin>
         <length>0x40000</length>
         <used_space>0x2012</used_space>
         <unused_space>0x3dfee</unused_space>
         <attributes>RX</attributes>
         <usage_details>
            <allocated_space>
               <start_address>0x0</start_address>
               <size>0x26c</size>
               <logical_group_ref idref="lg-3"/>
            </allocated_space>
            <allocated_space>
               <start_address>0x26c</start_address>
               <size>0x1d4a</size>
               <logical_group_ref idref="lg-4"/>
            </allocated_space>
            <available_space>
               <start_address>0x1fb6</start_address>
               <size>0x2</size>
            </available_space>
            <allocated_space>
               <start_address>0x1fb8</start_address>
               <size>0x1c</size>
               <logical_group_ref idref="lg-5"/>
            </allocated_space>
            <available_space>
               <start_address>0x1fd4</start_address>
               <size>0x4</size>
            </available_space>
            <allocated_space>
               <start_address>0x1fd8</start_address>
               <size>0x40</size>
               <logical_group_ref idref="lg-6"/>
            </allocated_space>
            <available_space>
               <start_address>0x2018</start_address>
               <size>0x3dfe8</size>
            </available_space>
         </usage_details>
      </memory_area>
      <memory_area display="yes" color="green">
         <name>SRAM</name>
         <page_id>0x0</page_id>
         <origin>0x20000000</origin>
         <length>0x8000</length>
         <used_space>0x7955</used_space>
         <unused_space>0x6ab</unused_space>
         <attributes>RWX</attributes>
         <usage_details>
            <allocated_space>
               <start_address>0x20000000</start_address>
               <size>0x7701</size>
               <logical_group_ref idref="lg-b"/>
            </allocated_space>
            <available_space>
               <start_address>0x20007701</start_address>
               <size>0x7</size>
            </available_space>
            <allocated_space>
               <start_address>0x20007708</start_address>
               <size>0x200</size>
               <logical_group_ref idref="lg-d"/>
            </allocated_space>
            <allocated_space>
               <start_address>0x20007908</start_address>
               <size>0x54</size>
               <logical_group_ref idref="lg-a"/>
            </allocated_space>
            <available_space>
               <start_address>0x2000795c</start_address>
               <size>0x6a4</size>
            </available_space>
         </usage_details>
      </memory_area>
   </placement_map>
   <cptbl_list>
      <cptbl>
         <name>__TI_cinit_table</name>
         <cprec>
            <name>.data</name>
            <load_address>0x1fd8</load_address>
            <load_size>0x17</load_size>
            <run_address>0x20007908</run_address>
            <run_size>0x54</run_size>
            <compression>lzss</compression>
         </cprec>
         <cprec>
            <name>.bss</name>
            <load_address>0x2000</load_address>
            <load_size>0x8</load_size>
            <run_address>0x20000000</run_address>
            <run_size>0x7701</run_size>
            <compression>zero_init</compression>
         </cprec>
      </cptbl>
   </cptbl_list>
   <handler_table>
      <handler_table_name>__TI_handler_table</handler_table_name>
      <handler>
         <index>0x0</index>
         <name>__TI_decompress_lzss</name>
      </handler>
      <handler>
         <index>0x1</index>
         <name>__TI_decompress_none</name>
      </handler>
      <handler>
         <index>0x2</index>
         <name>__TI_zero_init</name>
      </handler>
   </handler_table>
   <symbol_table>
      <symbol id="sm-1">
         <name>__STACK_TOP</name>
         <value>0x20007908</value>
      </symbol>
      <symbol id="sm-2">
         <name>__TI_CINIT_Base</name>
         <value>0x2008</value>
      </symbol>
      <symbol id="sm-3">
         <name>__TI_CINIT_Limit</name>
         <value>0x2018</value>
      </symbol>
      <symbol id="sm-4">
         <name>__TI_Handler_Table_Base</name>
         <value>0x1ff0</value>
      </symbol>
      <symbol id="sm-5">
         <name>__TI_Handler_Table_Limit</name>
         <value>0x1ffc</value>
      </symbol>
      <symbol id="sm-6">
         <name>binit</name>
         <value>0xffffffff</value>
      </symbol>
      <symbol id="sm-7">
         <name>__binit__</name>
         <value>0xffffffff</value>
      </symbol>
      <symbol id="sm-8">
         <name>__STACK_SIZE</name>
         <value>0x200</value>
      </symbol>
      <symbol id="sm-9">
         <name>__STACK_END</name>
         <value>0x20007908</value>
      </symbol>
      <symbol id="sm-a">
         <name>__c_args__</name>
         <value>0xffffffff</value>
      </symbol>
      <symbol id="sm-b">
         <name>__TI_pprof_out_hndl</name>
         <value>0xffffffff</value>
      </symbol>
      <symbol id="sm-c">
         <name>__TI_prof_data_start</name>
         <value>0xffffffff</value>
      </symbol>
      <symbol id="sm-d">
         <name>__TI_prof_data_size</name>
         <value>0xffffffff</value>
      </symbol>
      <symbol id="sm-86">
         <name>g_pUARTSemaphore</name>
         <value>0x200076fc</value>
      </symbol>
      <symbol id="sm-87">
         <name>vApplicationStackOverflowHook</name>
         <value>0x17ef</value>
         <object_component_ref idref="oc-e9"/>
      </symbol>
      <symbol id="sm-88">
         <name>main</name>
         <value>0x1431</value>
         <object_component_ref idref="oc-cc"/>
      </symbol>
      <symbol id="sm-89">
         <name>ConfigureUART</name>
         <value>0x16c5</value>
         <object_component_ref idref="oc-120"/>
      </symbol>
      <symbol id="sm-c3">
         <name>g_pLEDQueue</name>
         <value>0x200076f8</value>
      </symbol>
      <symbol id="sm-c4">
         <name>LEDTaskInit</name>
         <value>0xd31</value>
         <object_component_ref idref="oc-132"/>
      </symbol>
      <symbol id="sm-f5">
         <name>ResetISR</name>
         <value>0x1f9d</value>
         <object_component_ref idref="oc-24"/>
      </symbol>
      <symbol id="sm-f6">
         <name>g_pfnVectors</name>
         <value>0x0</value>
         <object_component_ref idref="oc-f"/>
      </symbol>
      <symbol id="sm-11f">
         <name>SwitchTaskInit</name>
         <value>0x1aad</value>
         <object_component_ref idref="oc-138"/>
      </symbol>
      <symbol id="sm-14d">
         <name>ButtonsInit</name>
         <value>0x158d</value>
         <object_component_ref idref="oc-218"/>
      </symbol>
      <symbol id="sm-14e">
         <name>ButtonsPoll</name>
         <value>0x11ad</value>
         <object_component_ref idref="oc-328"/>
      </symbol>
      <symbol id="sm-1a4">
         <name>RGBDisable</name>
         <value>0x15f5</value>
         <object_component_ref idref="oc-31a"/>
      </symbol>
      <symbol id="sm-1a5">
         <name>RGBIntensitySet</name>
         <value>0x1f05</value>
         <object_component_ref idref="oc-1f0"/>
      </symbol>
      <symbol id="sm-1a6">
         <name>RGBEnable</name>
         <value>0xdf9</value>
         <object_component_ref idref="oc-2d2"/>
      </symbol>
      <symbol id="sm-1a7">
         <name>RGBInit</name>
         <value>0x68d</value>
         <object_component_ref idref="oc-1ea"/>
      </symbol>
      <symbol id="sm-1a8">
         <name>RGBColorSet</name>
         <value>0x1001</value>
         <object_component_ref idref="oc-1f6"/>
      </symbol>
      <symbol id="sm-1dd">
         <name>uxListRemove</name>
         <value>0x1dff</value>
         <object_component_ref idref="oc-f9"/>
      </symbol>
      <symbol id="sm-1de">
         <name>vListInsert</name>
         <value>0x1cf5</value>
         <object_component_ref idref="oc-397"/>
      </symbol>
      <symbol id="sm-1df">
         <name>vListInitialiseItem</name>
         <value>0x1fa9</value>
         <object_component_ref idref="oc-3be"/>
      </symbol>
      <symbol id="sm-1e0">
         <name>vListInsertEnd</name>
         <value>0x1ea5</value>
         <object_component_ref idref="oc-ff"/>
      </symbol>
      <symbol id="sm-1e1">
         <name>vListInitialise</name>
         <value>0x1eed</value>
         <object_component_ref idref="oc-1db"/>
      </symbol>
      <symbol id="sm-271">
         <name>xQueueGenericCreate</name>
         <value>0x1c45</value>
         <object_component_ref idref="oc-1fc"/>
      </symbol>
      <symbol id="sm-272">
         <name>xQueueCreateMutex</name>
         <value>0x1a61</value>
         <object_component_ref idref="oc-12c"/>
      </symbol>
      <symbol id="sm-273">
         <name>xQueueGenericSend</name>
         <value>0xa91</value>
         <object_component_ref idref="oc-1e1"/>
      </symbol>
      <symbol id="sm-274">
         <name>xQueueGenericReset</name>
         <value>0x12b9</value>
         <object_component_ref idref="oc-2e2"/>
      </symbol>
      <symbol id="sm-275">
         <name>xQueueGenericReceive</name>
         <value>0x575</value>
         <object_component_ref idref="oc-30e"/>
      </symbol>
      <symbol id="sm-439">
         <name>vTaskSuspendAll</name>
         <value>0x1f51</value>
         <object_component_ref idref="oc-276"/>
      </symbol>
      <symbol id="sm-43a">
         <name>vTaskPriorityInherit</name>
         <value>0x1091</value>
         <object_component_ref idref="oc-3dd"/>
      </symbol>
      <symbol id="sm-43b">
         <name>vTaskPlaceOnEventList</name>
         <value>0x1729</value>
         <object_component_ref idref="oc-2b8"/>
      </symbol>
      <symbol id="sm-43c">
         <name>xTaskCheckForTimeOut</name>
         <value>0x19c1</value>
         <object_component_ref idref="oc-2a6"/>
      </symbol>
      <symbol id="sm-43d">
         <name>xTaskPriorityDisinherit</name>
         <value>0x13b9</value>
         <object_component_ref idref="oc-3a7"/>
      </symbol>
      <symbol id="sm-43e">
         <name>vTaskStartScheduler</name>
         <value>0x18b1</value>
         <object_component_ref idref="oc-13e"/>
      </symbol>
      <symbol id="sm-43f">
         <name>pvTaskIncrementMutexHeldCount</name>
         <value>0x1e8d</value>
         <object_component_ref idref="oc-3e9"/>
      </symbol>
      <symbol id="sm-440">
         <name>vTaskDelayUntil</name>
         <value>0x1235</value>
         <object_component_ref idref="oc-314"/>
      </symbol>
      <symbol id="sm-441">
         <name>vTaskMissedYield</name>
         <value>0x1f7d</value>
         <object_component_ref idref="oc-38f"/>
      </symbol>
      <symbol id="sm-442">
         <name>xTaskResumeAll</name>
         <value>0xb79</value>
         <object_component_ref idref="oc-282"/>
      </symbol>
      <symbol id="sm-443">
         <name>xTaskGetTickCount</name>
         <value>0x1f89</value>
         <object_component_ref idref="oc-308"/>
      </symbol>
      <symbol id="sm-444">
         <name>xTaskGenericCreate</name>
         <value>0x895</value>
         <object_component_ref idref="oc-202"/>
      </symbol>
      <symbol id="sm-445">
         <name>pxCurrentTCB</name>
         <value>0x20007908</value>
         <object_component_ref idref="oc-8b"/>
      </symbol>
      <symbol id="sm-446">
         <name>vTaskSetTimeOutState</name>
         <value>0x1ed5</value>
         <object_component_ref idref="oc-294"/>
      </symbol>
      <symbol id="sm-447">
         <name>xTaskIncrementTick</name>
         <value>0x791</value>
         <object_component_ref idref="oc-98"/>
      </symbol>
      <symbol id="sm-448">
         <name>vTaskSwitchContext</name>
         <value>0x1121</value>
         <object_component_ref idref="oc-91"/>
      </symbol>
      <symbol id="sm-449">
         <name>xTaskRemoveFromEventList</name>
         <value>0x14a5</value>
         <object_component_ref idref="oc-2c4"/>
      </symbol>
      <symbol id="sm-4a3">
         <name>ulMaxSyscallInterruptPriority</name>
         <value>0x1fd0</value>
         <object_component_ref idref="oc-8e"/>
      </symbol>
      <symbol id="sm-4a4">
         <name>vPortSetupTimerInterrupt</name>
         <value>0x1f19</value>
         <object_component_ref idref="oc-32d"/>
      </symbol>
      <symbol id="sm-4a5">
         <name>xPortSysTickHandler</name>
         <value>0x1d5d</value>
         <object_component_ref idref="oc-41"/>
      </symbol>
      <symbol id="sm-4a6">
         <name>pxPortInitialiseStack</name>
         <value>0x1db1</value>
         <object_component_ref idref="oc-2f5"/>
      </symbol>
      <symbol id="sm-4a7">
         <name>vPortExitCritical</name>
         <value>0x1ebd</value>
         <object_component_ref idref="oc-29a"/>
      </symbol>
      <symbol id="sm-4a8">
         <name>xPortStartScheduler</name>
         <value>0x1c05</value>
         <object_component_ref idref="oc-225"/>
      </symbol>
      <symbol id="sm-4a9">
         <name>vPortEnterCritical</name>
         <value>0x1e3d</value>
         <object_component_ref idref="oc-2a0"/>
      </symbol>
      <symbol id="sm-4b8">
         <name>vPortStartFirstTask</name>
         <value>0xd05</value>
         <object_component_ref idref="oc-3c"/>
      </symbol>
      <symbol id="sm-4b9">
         <name>ulPortGetIPSR</name>
         <value>0xc6d</value>
         <object_component_ref idref="oc-3c"/>
      </symbol>
      <symbol id="sm-4ba">
         <name>vPortEnableVFP</name>
         <value>0xd21</value>
         <object_component_ref idref="oc-3c"/>
      </symbol>
      <symbol id="sm-4bb">
         <name>xPortPendSVHandler</name>
         <value>0xc85</value>
         <object_component_ref idref="oc-3c"/>
      </symbol>
      <symbol id="sm-4bc">
         <name>vPortSVCHandler</name>
         <value>0xce5</value>
         <object_component_ref idref="oc-3c"/>
      </symbol>
      <symbol id="sm-511">
         <name>pvPortMalloc</name>
         <value>0xeb9</value>
         <object_component_ref idref="oc-1d5"/>
      </symbol>
      <symbol id="sm-512">
         <name>vPortFree</name>
         <value>0x1b81</value>
         <object_component_ref idref="oc-3b7"/>
      </symbol>
      <symbol id="sm-580">
         <name>UARTStdioConfig</name>
         <value>0x17f1</value>
         <object_component_ref idref="oc-1c1"/>
      </symbol>
      <symbol id="sm-581">
         <name>UARTwrite</name>
         <value>0x1af5</value>
         <object_component_ref idref="oc-268"/>
      </symbol>
      <symbol id="sm-582">
         <name>UARTprintf</name>
         <value>0x1e59</value>
         <object_component_ref idref="oc-126"/>
      </symbol>
      <symbol id="sm-583">
         <name>UARTvprintf</name>
         <value>0x26d</value>
         <object_component_ref idref="oc-1c8"/>
      </symbol>
      <symbol id="sm-593">
         <name>__aeabi_uidivmod</name>
         <value>0x1bc5</value>
         <object_component_ref idref="oc-26e"/>
      </symbol>
      <symbol id="sm-594">
         <name>__aeabi_uidiv</name>
         <value>0x1bc5</value>
         <object_component_ref idref="oc-26e"/>
      </symbol>
      <symbol id="sm-5b0">
         <name>memcpy</name>
         <value>0xf65</value>
         <object_component_ref idref="oc-55"/>
      </symbol>
      <symbol id="sm-5b1">
         <name>__aeabi_memcpy</name>
         <value>0xf65</value>
         <object_component_ref idref="oc-55"/>
      </symbol>
      <symbol id="sm-5b2">
         <name>__aeabi_memcpy8</name>
         <value>0xf65</value>
         <object_component_ref idref="oc-55"/>
      </symbol>
      <symbol id="sm-5b3">
         <name>__aeabi_memcpy4</name>
         <value>0xf65</value>
         <object_component_ref idref="oc-55"/>
      </symbol>
      <symbol id="sm-5c2">
         <name>__aeabi_memset</name>
         <value>0x133f</value>
         <object_component_ref idref="oc-c0"/>
      </symbol>
      <symbol id="sm-5c3">
         <name>memset</name>
         <value>0x1345</value>
         <object_component_ref idref="oc-c0"/>
      </symbol>
      <symbol id="sm-5c4">
         <name>__aeabi_memset8</name>
         <value>0x133f</value>
         <object_component_ref idref="oc-c0"/>
      </symbol>
      <symbol id="sm-5c5">
         <name>__aeabi_memset4</name>
         <value>0x133f</value>
         <object_component_ref idref="oc-c0"/>
      </symbol>
      <symbol id="sm-5c6">
         <name>__aeabi_memclr8</name>
         <value>0x133d</value>
         <object_component_ref idref="oc-c0"/>
      </symbol>
      <symbol id="sm-5c7">
         <name>__aeabi_memclr4</name>
         <value>0x133d</value>
         <object_component_ref idref="oc-c0"/>
      </symbol>
      <symbol id="sm-5c8">
         <name>__aeabi_memclr</name>
         <value>0x133d</value>
         <object_component_ref idref="oc-c0"/>
      </symbol>
      <symbol id="sm-5df">
         <name>__TI_zero_init</name>
         <value>0x1f6f</value>
         <object_component_ref idref="oc-67"/>
      </symbol>
      <symbol id="sm-5f6">
         <name>__TI_decompress_none</name>
         <value>0x1f61</value>
         <object_component_ref idref="oc-18"/>
      </symbol>
      <symbol id="sm-619">
         <name>__TI_decompress_lzss</name>
         <value>0x165d</value>
         <object_component_ref idref="oc-12"/>
      </symbol>
      <symbol id="sm-62c">
         <name>__stack</name>
         <value>0x20007708</value>
         <object_component_ref idref="oc-21"/>
      </symbol>
      <symbol id="sm-62d">
         <name>_c_int00_noargs</name>
         <value>0x1cbd</value>
         <object_component_ref idref="oc-73"/>
      </symbol>
      <symbol id="sm-638">
         <name>C$$EXIT</name>
         <value>0x1fb3</value>
         <object_component_ref idref="oc-146"/>
      </symbol>
      <symbol id="sm-639">
         <name>abort</name>
         <value>0x1fb3</value>
         <object_component_ref idref="oc-146"/>
      </symbol>
      <symbol id="sm-645">
         <name>__aeabi_idiv0</name>
         <value>0x158b</value>
         <object_component_ref idref="oc-36f"/>
      </symbol>
      <symbol id="sm-646">
         <name>__aeabi_ldiv0</name>
         <value>0x158b</value>
         <object_component_ref idref="oc-36f"/>
      </symbol>
      <symbol id="sm-66e">
         <name>__TI_auto_init_nobinit_nopinit</name>
         <value>0x1b3d</value>
         <object_component_ref idref="oc-152"/>
      </symbol>
      <symbol id="sm-678">
         <name>_system_pre_init</name>
         <value>0x1faf</value>
         <object_component_ref idref="oc-c6"/>
      </symbol>
      <symbol id="sm-691">
         <name>UARTClockSourceSet</name>
         <value>0x1fa3</value>
         <object_component_ref idref="oc-1bb"/>
      </symbol>
      <symbol id="sm-694">
         <name>__TI_static_base__</name>
         <value>0x0</value>
      </symbol>
      <symbol id="sm-697">
         <name>__mpu_init</name>
         <value>0x0</value>
      </symbol>
      <symbol id="sm-698">
         <name>_system_post_cinit</name>
         <value>0x0</value>
      </symbol>
   </symbol_table>
   <title>Link successful</title>
</link_info>
