******************************************************************************
                  TI ARM Linker PC v18.1.4                     
******************************************************************************
>> Linked Tue Apr  9 15:29:43 2019

OUTPUT FILE NAME:   <seqgen.out>
ENTRY POINT SYMBOL: "_c_int00_noargs"  address: 00003981


MEMORY CONFIGURATION

         name            origin    length      used     unused   attr    fill
----------------------  --------  ---------  --------  --------  ----  --------
  FLASH                 00000000   00040000  00003cec  0003c314  R  X
  SRAM                  20000000   00008000  00007a1c  000005e4  RW X


SEGMENT ALLOCATION MAP

run origin  load origin   length   init length attrs members
----------  ----------- ---------- ----------- ----- -------
00000000    00000000    00003cf0   00003cf0    r-x
  00000000    00000000    0000026c   0000026c    r-- .intvecs
  0000026c    0000026c    00003a0c   00003a0c    r-x .text
  00003c78    00003c78    00000034   00000034    r-- .const
  00003cb0    00003cb0    00000040   00000040    r-- .cinit
20000000    20000000    00007a1c   00000000    rw-
  20000000    20000000    00007798   00000000    rw- .bss
  20007798    20007798    00000200   00000000    rw- .stack
  20007998    20007998    00000084   00000000    rw- .data


SECTION ALLOCATION MAP

 output                                  attributes/
section   page    origin      length       input sections
--------  ----  ----------  ----------   ----------------
.intvecs   0    00000000    0000026c     
                  00000000    0000026c     startup_ccs.obj (.intvecs)

.text      0    0000026c    00003a0c     
                  0000026c    000003d8     seqgen.obj (.text:main)
                  00000644    0000030c     uartstdio.obj (.text:UARTvprintf)
                  00000950    00000280     seqgen.obj (.text:Timer0IntHandler)
                  00000bd0    00000240     seqgen.obj (.text:Process_Task1)
                  00000e10    00000240     seqgen.obj (.text:Process_Task2)
                  00001050    00000240     seqgen.obj (.text:Process_Task3)
                  00001290    00000240     seqgen.obj (.text:Process_Task4)
                  000014d0    00000240     seqgen.obj (.text:Process_Task5)
                  00001710    00000240     seqgen.obj (.text:Process_Task6)
                  00001950    00000240     seqgen.obj (.text:Process_Task7)
                  00001b90    0000016c     queue.obj (.text:xQueueGenericReceive)
                  00001cfc    00000138     tasks.obj (.text:xTaskGenericCreate)
                  00001e34    00000134     tasks.obj (.text:xTaskIncrementTick)
                  00001f68    00000128     queue.obj (.text:xQueueGenericSend)
                  00002090    00000108     heap_2.obj (.text:pvPortMalloc)
                  00002198    000000fc     tasks.obj (.text:xTaskResumeAll)
                  00002294    000000e8     timers.obj (.text:prvProcessReceivedCommands)
                  0000237c    000000d2     portasm.obj (.text)
                  0000244e    00000002     startup_ccs.obj (.text:FaultISR)
                  00002450    000000c8     tasks.obj (.text:vTaskPriorityInherit)
                  00002518    000000bc     queue.obj (.text:prvCopyDataToQueue)
                  000025d4    000000bc     tasks.obj (.text:vTaskDelete)
                  00002690    000000b8     tasks.obj (.text:vTaskSwitchContext)
                  00002748    000000a8     tasks.obj (.text:xTaskPriorityDisinherit)
                  000027f0    000000a4     timers.obj (.text:prvSwitchTimerLists)
                  00002894    000000a0     queue.obj (.text:xQueueGenericReset)
                  00002934    0000009c     rtsv7M4_T_le_v4SPD16_eabi.lib : memcpy_t2.asm.obj (.text)
                  000029d0    0000009a     tasks.obj (.text:prvInitialiseTCBVariables)
                  00002a6a    00000096     rtsv7M4_T_le_v4SPD16_eabi.lib : ull_div_t2.asm.obj (.text)
                  00002b00    00000090     tasks.obj (.text:xTaskRemoveFromEventList)
                  00002b90    0000008c     queue.obj (.text:xQueueGenericSendFromISR)
                  00002c1c    00000084     timers.obj (.text:prvProcessTimerOrBlockTask)
                  00002ca0    00000084     tasks.obj (.text:xTaskCheckForTimeOut)
                  00002d24    00000082     queue.obj (.text:prvUnlockQueue)
                  00002da6    00000002     startup_ccs.obj (.text:IntDefaultHandler)
                  00002da8    0000007c     tasks.obj (.text:vTaskStartScheduler)
                  00002e24    0000007a     rtsv7M4_T_le_v4SPD16_eabi.lib : memset_t2.asm.obj (.text)
                  00002e9e    00000002     startup_ccs.obj (.text:NmiSR)
                  00002ea0    00000078     timers.obj (.text:prvInsertTimerInActiveList)
                  00002f18    00000076     queue.obj (.text:xQueueCreateMutex)
                  00002f8e    00000002     rtsv7M4_T_le_v4SPD16_eabi.lib : div0.asm.obj (.text)
                  00002f90    00000074     seqgen.obj (.text:ConfigureUART)
                  00003004    00000074     uartstdio.obj (.text:UARTStdioConfig)
                  00003078    00000074     tasks.obj (.text:prvInitialiseTaskLists)
                  000030ec    00000070     tasks.obj (.text:vTaskPlaceOnEventListRestricted)
                  0000315c    00000070     queue.obj (.text:xQueueGenericCreate)
                  000031cc    00000070     timers.obj (.text:xTimerGenericCommand)
                  0000323c    00000068     rtsv7M4_T_le_v4SPD16_eabi.lib : copy_decompress_lzss.c.obj (.text:decompress:lzss:__TI_decompress_lzss)
                  000032a4    00000068     timers.obj (.text:prvCheckForValidListAndQueue)
                  0000330c    00000068     tasks.obj (.text:prvCheckTasksWaitingTermination)
                  00003374    00000068     heap_2.obj (.text:vPortFree)
                  000033dc    00000068     tasks.obj (.text:vTaskPlaceOnEventList)
                  00003444    00000066     list.obj (.text:vListInsert)
                  000034aa    00000002     --HOLE-- [fill = 0]
                  000034ac    00000060     timers.obj (.text:prvProcessExpiredTimer)
                  0000350c    0000005e     tasks.obj (.text:prvAllocateTCBAndStack)
                  0000356a    00000002     --HOLE-- [fill = 0]
                  0000356c    0000005c     uartstdio.obj (.text:UARTwrite)
                  000035c8    0000005c     tasks.obj (.text:prvAddCurrentTaskToDelayedList)
                  00003624    0000005c     port.obj (.text:pxPortInitialiseStack)
                  00003680    00000054     queue.obj (.text:vQueueWaitForMessageRestricted)
                  000036d4    00000050     heap_2.obj (.text:prvHeapInit)
                  00003724    0000004c     queue.obj (.text:vQueueAddToRegistry)
                  00003770    0000004c     timers.obj (.text:xTimerCreateTimerTask)
                  000037bc    00000048     list.obj (.text:uxListRemove)
                  00003804    00000044     rtsv7M4_T_le_v4SPD16_eabi.lib : autoinit.c.obj (.text:__TI_auto_init_nobinit_nopinit:__TI_auto_init_nobinit_nopinit)
                  00003848    00000044     port.obj (.text:xPortStartScheduler)
                  0000388c    00000040     rtsv7M4_T_le_v4SPD16_eabi.lib : u_divt2.asm.obj (.text)
                  000038cc    0000003c     queue.obj (.text:prvCopyDataFromQueue)
                  00003908    0000003c     tasks.obj (.text:prvResetNextTaskUnblockTime)
                  00003944    0000003c     list.obj (.text:vListInsertEnd)
                  00003980    00000038     rtsv7M4_T_le_v4SPD16_eabi.lib : boot_cortex_m.c.obj (.text:_c_int00_noargs:_c_int00_noargs)
                  000039b8    00000038     timers.obj (.text:prvGetNextExpireTime)
                  000039f0    00000034     timers.obj (.text:prvSampleTimeNow)
                  00003a24    00000030     list.obj (.text:vListInitialise)
                  00003a54    00000030     tasks.obj (.text:xTaskGetSchedulerState)
                  00003a84    0000002c     port.obj (.text:xPortSysTickHandler)
                  00003ab0    00000026     queue.obj (.text:prvIsQueueFull)
                  00003ad6    00000024     uartstdio.obj (.text:UARTprintf)
                  00003afa    00000002     --HOLE-- [fill = 0]
                  00003afc    00000024     port.obj (.text:vPortEnterCritical)
                  00003b20    00000024     tasks.obj (.text:vTaskSetTimeOutState)
                  00003b44    00000020     queue.obj (.text:prvIsQueueEmpty)
                  00003b64    0000001c     tasks.obj (.text:pvTaskIncrementMutexHeldCount)
                  00003b80    0000001c     port.obj (.text:vPortExitCritical)
                  00003b9c    0000001a     timers.obj (.text:prvTimerTask)
                  00003bb6    00000002     --HOLE-- [fill = 0]
                  00003bb8    00000018     port.obj (.text:vPortSetupTimerInterrupt)
                  00003bd0    00000014     tasks.obj (.text:prvDeleteTCB)
                  00003be4    00000014     tasks.obj (.text:xTaskGetTickCount)
                  00003bf8    00000010     port.obj (.text:prvTaskExitError)
                  00003c08    00000010     list.obj (.text:vListInitialiseItem)
                  00003c18    00000010     tasks.obj (.text:vTaskSuspendAll)
                  00003c28    0000000e     rtsv7M4_T_le_v4SPD16_eabi.lib : copy_decompress_none.c.obj (.text:decompress:none:__TI_decompress_none)
                  00003c36    0000000c                                   : copy_zero_init.c.obj (.text:decompress:ZI:__TI_zero_init)
                  00003c42    00000002     --HOLE-- [fill = 0]
                  00003c44    0000000c     tasks.obj (.text:vTaskMissedYield)
                  00003c50    0000000a     tasks.obj (.text:prvIdleTask)
                  00003c5a    0000000a     seqgen.obj (.text:vApplicationStackOverflowHook)
                  00003c64    00000006     startup_ccs.obj (.text:ResetISR)
                  00003c6a    00000006     driverlib.lib : uart.obj (.text:UARTClockSourceSet)
                  00003c70    00000004     rtsv7M4_T_le_v4SPD16_eabi.lib : pre_init.c.obj (.text:_system_pre_init)
                  00003c74    00000004                                   : exit.c.obj (.text:abort:abort)

.const     0    00003c78    00000034     
                  00003c78    00000012     uartstdio.obj (.const:.string)
                  00003c8a    00000002     --HOLE-- [fill = 0]
                  00003c8c    0000000c     uartstdio.obj (.const:g_ui32UARTBase)
                  00003c98    0000000c     uartstdio.obj (.const:g_ui32UARTPeriph)
                  00003ca4    00000004     port.obj (.const)
                  00003ca8    00000004     uartstdio.obj (.const)

.cinit     0    00003cb0    00000040     
                  00003cb0    0000001a     (.cinit..data.load) [load image, compression = lzss]
                  00003cca    00000002     --HOLE-- [fill = 0]
                  00003ccc    0000000c     (__TI_handler_table)
                  00003cd8    00000008     (.cinit..bss.load) [load image, compression = zero_init]
                  00003ce0    00000010     (__TI_cinit_table)

.init_array 
*          0    00000000    00000000     UNINITIALIZED

.bss       0    20000000    00007798     UNINITIALIZED
                  20000000    00007530     heap_2.obj (.bss:ucHeap)
                  20007530    00000140     tasks.obj (.bss:pxReadyTasksLists)
                  20007670    00000050     (.common:xQueueRegistry)
                  200076c0    00000014     timers.obj (.bss:xActiveTimerList1)
                  200076d4    00000014     timers.obj (.bss:xActiveTimerList2)
                  200076e8    00000014     tasks.obj (.bss:xDelayedTaskList1)
                  200076fc    00000014     tasks.obj (.bss:xDelayedTaskList2)
                  20007710    00000014     tasks.obj (.bss:xPendingReadyList)
                  20007724    00000014     tasks.obj (.bss:xSuspendedTaskList)
                  20007738    00000014     tasks.obj (.bss:xTasksWaitingTermination)
                  2000774c    00000008     tasks.obj (.bss)
                  20007754    00000008     timers.obj (.bss)
                  2000775c    00000008     heap_2.obj (.bss:xEnd)
                  20007764    00000008     heap_2.obj (.bss:xStart)
                  2000776c    00000004     (.common:g_pUARTSemaphore)
                  20007770    00000004     (.common:msec_tickers)
                  20007774    00000004     (.common:sec_tickers)
                  20007778    00000004     (.common:semaphore_1)
                  2000777c    00000004     (.common:semaphore_2)
                  20007780    00000004     (.common:semaphore_3)
                  20007784    00000004     (.common:semaphore_4)
                  20007788    00000004     (.common:semaphore_5)
                  2000778c    00000004     (.common:semaphore_6)
                  20007790    00000004     (.common:semaphore_7)
                  20007794    00000004     (.common:time_tickers)

.data      0    20007998    00000084     UNINITIALIZED
                  20007998    00000038     seqgen.obj (.data)
                  200079d0    00000030     tasks.obj (.data)
                  20007a00    00000008     heap_2.obj (.data)
                  20007a08    00000008     timers.obj (.data)
                  20007a10    00000005     uartstdio.obj (.data)
                  20007a15    00000003     --HOLE--
                  20007a18    00000004     port.obj (.data)

.stack     0    20007798    00000200     UNINITIALIZED
                  20007798    00000004     rtsv7M4_T_le_v4SPD16_eabi.lib : boot_cortex_m.c.obj (.stack)
                  2000779c    000001fc     --HOLE--

MODULE SUMMARY

       Module                       code    ro data   rw data
       ------                       ----    -------   -------
    .\
       seqgen.obj                   5782    0         100    
       startup_ccs.obj              12      620       0      
    +--+----------------------------+-------+---------+---------+
       Total:                       5794    620       100    
                                                             
    .\third_party\FreeRTOS\Source\
       tasks.obj                    3038    0         476    
       queue.obj                    1798    0         80     
       timers.obj                   1170    0         56     
       list.obj                     298     0         0      
    +--+----------------------------+-------+---------+---------+
       Total:                       6304    0         612    
                                                             
    .\third_party\FreeRTOS\Source\portable\CCS\ARM_CM4F\
       port.obj                     308     4         4      
       portasm.obj                  210     0         0      
    +--+----------------------------+-------+---------+---------+
       Total:                       518     4         4      
                                                             
    .\third_party\FreeRTOS\Source\portable\MemMang\
       heap_2.obj                   448     0         30024  
    +--+----------------------------+-------+---------+---------+
       Total:                       448     0         30024  
                                                             
    .\utils\
       uartstdio.obj                1024    46        5      
    +--+----------------------------+-------+---------+---------+
       Total:                       1024    46        5      
                                                             
    C:/ti/TivaWare_C_Series-2.1.4.178/driverlib/ccs/Debug/driverlib.lib
       uart.obj                     6       0         0      
    +--+----------------------------+-------+---------+---------+
       Total:                       6       0         0      
                                                             
    C:\ti\ccsv8\tools\compiler\ti-cgt-arm_18.1.4.LTS\lib\rtsv7M4_T_le_v4SPD16_eabi.lib
       memcpy_t2.asm.obj            156     0         0      
       ull_div_t2.asm.obj           150     0         0      
       memset_t2.asm.obj            122     0         0      
       copy_decompress_lzss.c.obj   104     0         0      
       autoinit.c.obj               68      0         0      
       u_divt2.asm.obj              64      0         0      
       boot_cortex_m.c.obj          56      0         0      
       copy_decompress_none.c.obj   14      0         0      
       copy_zero_init.c.obj         12      0         0      
       exit.c.obj                   4       0         0      
       pre_init.c.obj               4       0         0      
       div0.asm.obj                 2       0         0      
    +--+----------------------------+-------+---------+---------+
       Total:                       756     0         0      
                                                             
       Stack:                       0       0         512    
       Linker Generated:            0       62        0      
    +--+----------------------------+-------+---------+---------+
       Grand Total:                 14850   732       31257  


LINKER GENERATED COPY TABLES

__TI_cinit_table @ 00003ce0 records: 2, size/record: 8, table size: 16
	.data: load addr=00003cb0, load size=0000001a bytes, run addr=20007998, run size=00000084 bytes, compression=lzss
	.bss: load addr=00003cd8, load size=00000008 bytes, run addr=20000000, run size=00007798 bytes, compression=zero_init


LINKER GENERATED HANDLER TABLE

__TI_handler_table @ 00003ccc records: 3, size/record: 4, table size: 12
	index: 0, handler: __TI_decompress_lzss
	index: 1, handler: __TI_decompress_none
	index: 2, handler: __TI_zero_init


GLOBAL SYMBOLS: SORTED ALPHABETICALLY BY Name 

address   name                           
-------   ----                           
00003c75  C$$EXIT                        
00002f91  ConfigureUART                  
00003c65  ResetISR                       
200079b8  SeqCnt                         
00000951  Timer0IntHandler               
00003c6b  UARTClockSourceSet             
00003005  UARTStdioConfig                
00003ad7  UARTprintf                     
00000645  UARTvprintf                    
0000356d  UARTwrite                      
20007998  __STACK_END                    
00000200  __STACK_SIZE                   
20007998  __STACK_TOP                    
00003ce0  __TI_CINIT_Base                
00003cf0  __TI_CINIT_Limit               
00003ccc  __TI_Handler_Table_Base        
00003cd8  __TI_Handler_Table_Limit       
00003805  __TI_auto_init_nobinit_nopinit 
0000323d  __TI_decompress_lzss           
00003c29  __TI_decompress_none           
ffffffff  __TI_pprof_out_hndl            
ffffffff  __TI_prof_data_size            
ffffffff  __TI_prof_data_start           
00000000  __TI_static_base__             
00003c37  __TI_zero_init                 
00002f8f  __aeabi_idiv0                  
00002f8f  __aeabi_ldiv0                  
00002e25  __aeabi_memclr                 
00002e25  __aeabi_memclr4                
00002e25  __aeabi_memclr8                
00002935  __aeabi_memcpy                 
00002935  __aeabi_memcpy4                
00002935  __aeabi_memcpy8                
00002e27  __aeabi_memset                 
00002e27  __aeabi_memset4                
00002e27  __aeabi_memset8                
0000388d  __aeabi_uidiv                  
0000388d  __aeabi_uidivmod               
00002a6b  __aeabi_uldivmod               
ffffffff  __binit__                      
ffffffff  __c_args__                     
UNDEFED   __mpu_init                     
20007798  __stack                        
00003981  _c_int00_noargs                
UNDEFED   _system_post_cinit             
00003c71  _system_pre_init               
00003c75  abort                          
2000799c  abortS1                        
200079a0  abortS2                        
200079a4  abortS3                        
200079a8  abortS4                        
200079ac  abortS5                        
200079b0  abortS6                        
200079b4  abortS7                        
20007998  abortTest                      
ffffffff  binit                          
200079c0  delay_cnt                      
2000776c  g_pUARTSemaphore               
00000000  g_pfnVectors                   
0000026d  main                           
00002935  memcpy                         
00002e2d  memset                         
20007770  msec_tickers                   
00002091  pvPortMalloc                   
00003b65  pvTaskIncrementMutexHeldCount  
200079d0  pxCurrentTCB                   
00003625  pxPortInitialiseStack          
200079c8  residual                       
20007774  sec_tickers                    
20007778  semaphore_1                    
2000777c  semaphore_2                    
20007780  semaphore_3                    
20007784  semaphore_4                    
20007788  semaphore_5                    
2000778c  semaphore_6                    
20007790  semaphore_7                    
20007794  time_tickers                   
00003ca4  ulMaxSyscallInterruptPriority  
0000238d  ulPortGetIPSR                  
000037bd  uxListRemove                   
00003c5b  vApplicationStackOverflowHook  
00003a25  vListInitialise                
00003c09  vListInitialiseItem            
00003445  vListInsert                    
00003945  vListInsertEnd                 
00002441  vPortEnableVFP                 
00003afd  vPortEnterCritical             
00003b81  vPortExitCritical              
00003375  vPortFree                      
00002405  vPortSVCHandler                
00003bb9  vPortSetupTimerInterrupt       
00002425  vPortStartFirstTask            
00003725  vQueueAddToRegistry            
00003681  vQueueWaitForMessageRestricted 
000025d5  vTaskDelete                    
00003c45  vTaskMissedYield               
000033dd  vTaskPlaceOnEventList          
000030ed  vTaskPlaceOnEventListRestricted
00002451  vTaskPriorityInherit           
00003b21  vTaskSetTimeOutState           
00002da9  vTaskStartScheduler            
00003c19  vTaskSuspendAll                
00002691  vTaskSwitchContext             
000023a5  xPortPendSVHandler             
00003849  xPortStartScheduler            
00003a85  xPortSysTickHandler            
00002f19  xQueueCreateMutex              
0000315d  xQueueGenericCreate            
00001b91  xQueueGenericReceive           
00002895  xQueueGenericReset             
00001f69  xQueueGenericSend              
00002b91  xQueueGenericSendFromISR       
20007670  xQueueRegistry                 
00002ca1  xTaskCheckForTimeOut           
00001cfd  xTaskGenericCreate             
00003a55  xTaskGetSchedulerState         
00003be5  xTaskGetTickCount              
00001e35  xTaskIncrementTick             
00002749  xTaskPriorityDisinherit        
00002b01  xTaskRemoveFromEventList       
00002199  xTaskResumeAll                 
00003771  xTimerCreateTimerTask          
000031cd  xTimerGenericCommand           


GLOBAL SYMBOLS: SORTED BY Symbol Address 

address   name                           
-------   ----                           
00000000  __TI_static_base__             
00000000  g_pfnVectors                   
00000200  __STACK_SIZE                   
0000026d  main                           
00000645  UARTvprintf                    
00000951  Timer0IntHandler               
00001b91  xQueueGenericReceive           
00001cfd  xTaskGenericCreate             
00001e35  xTaskIncrementTick             
00001f69  xQueueGenericSend              
00002091  pvPortMalloc                   
00002199  xTaskResumeAll                 
0000238d  ulPortGetIPSR                  
000023a5  xPortPendSVHandler             
00002405  vPortSVCHandler                
00002425  vPortStartFirstTask            
00002441  vPortEnableVFP                 
00002451  vTaskPriorityInherit           
000025d5  vTaskDelete                    
00002691  vTaskSwitchContext             
00002749  xTaskPriorityDisinherit        
00002895  xQueueGenericReset             
00002935  __aeabi_memcpy                 
00002935  __aeabi_memcpy4                
00002935  __aeabi_memcpy8                
00002935  memcpy                         
00002a6b  __aeabi_uldivmod               
00002b01  xTaskRemoveFromEventList       
00002b91  xQueueGenericSendFromISR       
00002ca1  xTaskCheckForTimeOut           
00002da9  vTaskStartScheduler            
00002e25  __aeabi_memclr                 
00002e25  __aeabi_memclr4                
00002e25  __aeabi_memclr8                
00002e27  __aeabi_memset                 
00002e27  __aeabi_memset4                
00002e27  __aeabi_memset8                
00002e2d  memset                         
00002f19  xQueueCreateMutex              
00002f8f  __aeabi_idiv0                  
00002f8f  __aeabi_ldiv0                  
00002f91  ConfigureUART                  
00003005  UARTStdioConfig                
000030ed  vTaskPlaceOnEventListRestricted
0000315d  xQueueGenericCreate            
000031cd  xTimerGenericCommand           
0000323d  __TI_decompress_lzss           
00003375  vPortFree                      
000033dd  vTaskPlaceOnEventList          
00003445  vListInsert                    
0000356d  UARTwrite                      
00003625  pxPortInitialiseStack          
00003681  vQueueWaitForMessageRestricted 
00003725  vQueueAddToRegistry            
00003771  xTimerCreateTimerTask          
000037bd  uxListRemove                   
00003805  __TI_auto_init_nobinit_nopinit 
00003849  xPortStartScheduler            
0000388d  __aeabi_uidiv                  
0000388d  __aeabi_uidivmod               
00003945  vListInsertEnd                 
00003981  _c_int00_noargs                
00003a25  vListInitialise                
00003a55  xTaskGetSchedulerState         
00003a85  xPortSysTickHandler            
00003ad7  UARTprintf                     
00003afd  vPortEnterCritical             
00003b21  vTaskSetTimeOutState           
00003b65  pvTaskIncrementMutexHeldCount  
00003b81  vPortExitCritical              
00003bb9  vPortSetupTimerInterrupt       
00003be5  xTaskGetTickCount              
00003c09  vListInitialiseItem            
00003c19  vTaskSuspendAll                
00003c29  __TI_decompress_none           
00003c37  __TI_zero_init                 
00003c45  vTaskMissedYield               
00003c5b  vApplicationStackOverflowHook  
00003c65  ResetISR                       
00003c6b  UARTClockSourceSet             
00003c71  _system_pre_init               
00003c75  C$$EXIT                        
00003c75  abort                          
00003ca4  ulMaxSyscallInterruptPriority  
00003ccc  __TI_Handler_Table_Base        
00003cd8  __TI_Handler_Table_Limit       
00003ce0  __TI_CINIT_Base                
00003cf0  __TI_CINIT_Limit               
20007670  xQueueRegistry                 
2000776c  g_pUARTSemaphore               
20007770  msec_tickers                   
20007774  sec_tickers                    
20007778  semaphore_1                    
2000777c  semaphore_2                    
20007780  semaphore_3                    
20007784  semaphore_4                    
20007788  semaphore_5                    
2000778c  semaphore_6                    
20007790  semaphore_7                    
20007794  time_tickers                   
20007798  __stack                        
20007998  __STACK_END                    
20007998  __STACK_TOP                    
20007998  abortTest                      
2000799c  abortS1                        
200079a0  abortS2                        
200079a4  abortS3                        
200079a8  abortS4                        
200079ac  abortS5                        
200079b0  abortS6                        
200079b4  abortS7                        
200079b8  SeqCnt                         
200079c0  delay_cnt                      
200079c8  residual                       
200079d0  pxCurrentTCB                   
ffffffff  __TI_pprof_out_hndl            
ffffffff  __TI_prof_data_size            
ffffffff  __TI_prof_data_start           
ffffffff  __binit__                      
ffffffff  __c_args__                     
ffffffff  binit                          
UNDEFED   __mpu_init                     
UNDEFED   _system_post_cinit             

[123 symbols]
